Component: ARM Compiler 5.06 update 2 (build 183) Tool: armlink [4d35b7]

==============================================================================

Section Cross References

    thread.o(i.BSP_AUDIO_OUT_TransferComplete_CallBack) refers to rt_cmsis.o(i.osMessageGet) for osMessageGet
    thread.o(i.BSP_AUDIO_OUT_TransferComplete_CallBack) refers to stm32f4_discovery_audio.o(i.BSP_AUDIO_OUT_ChangeBuffer) for BSP_AUDIO_OUT_ChangeBuffer
    thread.o(i.BSP_AUDIO_OUT_TransferComplete_CallBack) refers to rt_cmsis.o(i.osSemaphoreRelease) for osSemaphoreRelease
    thread.o(i.BSP_AUDIO_OUT_TransferComplete_CallBack) refers to thread.o(.data) for mid_MsgQueue
    thread.o(i.BSP_AUDIO_OUT_TransferComplete_CallBack) refers to thread.o(.bss) for Audio_Buffer1
    thread.o(i.CommThread) refers to uart_driver.o(i.UART_receive) for UART_receive
    thread.o(i.CommThread) refers to strcmpv7m.o(.text) for strcmp
    thread.o(i.CommThread) refers to rt_cmsis.o(i.osMessagePut) for osMessagePut
    thread.o(i.CommThread) refers to uart_driver.o(i.UART_receivestring) for UART_receivestring
    thread.o(i.CommThread) refers to thread.o(.data) for mid_CommToControlQueue
    thread.o(i.CommThread) refers to thread.o(.bss) for r_dataString
    thread.o(i.ControlThread) refers to rt_cmsis.o(i.osMessageGet) for osMessageGet
    thread.o(i.ControlThread) refers to thread.o(i.processEvent) for processEvent
    thread.o(i.ControlThread) refers to rt_cmsis.o(i.osMessagePut) for osMessagePut
    thread.o(i.ControlThread) refers to thread.o(.data) for mid_CommToControlQueue
    thread.o(i.CurrentState) refers to thread.o(.data) for state
    thread.o(i.Init_Thread) refers to led_f4discovery.o(i.LED_Initialize) for LED_Initialize
    thread.o(i.Init_Thread) refers to uart_driver.o(i.UART_Init) for UART_Init
    thread.o(i.Init_Thread) refers to rt_cmsis.o(i.osMessageCreate) for osMessageCreate
    thread.o(i.Init_Thread) refers to rt_cmsis.o(i.osThreadCreate) for osThreadCreate
    thread.o(i.Init_Thread) refers to rt_cmsis.o(i.osSemaphoreCreate) for osSemaphoreCreate
    thread.o(i.Init_Thread) refers to led_f4discovery.o(i.LED_On) for LED_On
    thread.o(i.Init_Thread) refers to thread.o(.data) for state
    thread.o(i.Init_Thread) refers to thread.o(.constdata) for os_messageQ_def_CommToControlQueue
    thread.o(i.ProxyThread) refers to stm32f4_discovery_audio.o(i.BSP_AUDIO_OUT_Init) for BSP_AUDIO_OUT_Init
    thread.o(i.ProxyThread) refers to led_f4discovery.o(i.LED_On) for LED_On
    thread.o(i.ProxyThread) refers to usbh_lib_core.o(i.USBH_Initialize) for USBH_Initialize
    thread.o(i.ProxyThread) refers to usbh_lib_core.o(i.USBH_Device_GetStatus) for USBH_Device_GetStatus
    thread.o(i.ProxyThread) refers to fs_mapi.o(i.finit) for finit
    thread.o(i.ProxyThread) refers to fs_mapi.o(i.fmount) for fmount
    thread.o(i.ProxyThread) refers to rt_cmsis.o(i.osMessageGet) for osMessageGet
    thread.o(i.ProxyThread) refers to strlen.o(.text) for strlen
    thread.o(i.ProxyThread) refers to uart_driver.o(i.UART_send) for UART_send
    thread.o(i.ProxyThread) refers to fs_mapi.o(i.ffind) for ffind
    thread.o(i.ProxyThread) refers to fopen_locked.o(.text) for fopen
    thread.o(i.ProxyThread) refers to freadfast_locked.o(.text) for fread
    thread.o(i.ProxyThread) refers to stm32f4_discovery_audio.o(i.BSP_AUDIO_OUT_Play) for BSP_AUDIO_OUT_Play
    thread.o(i.ProxyThread) refers to stm32f4_discovery_audio.o(i.BSP_AUDIO_OUT_Pause) for BSP_AUDIO_OUT_Pause
    thread.o(i.ProxyThread) refers to stm32f4_discovery_audio.o(i.BSP_AUDIO_OUT_SetMute) for BSP_AUDIO_OUT_SetMute
    thread.o(i.ProxyThread) refers to stm32f4_discovery_audio.o(i.BSP_AUDIO_OUT_Resume) for BSP_AUDIO_OUT_Resume
    thread.o(i.ProxyThread) refers to fclose_locked.o(.text) for fclose
    thread.o(i.ProxyThread) refers to stm32f4_discovery_audio.o(i.BSP_AUDIO_OUT_Stop) for BSP_AUDIO_OUT_Stop
    thread.o(i.ProxyThread) refers to rt_cmsis.o(i.osMessagePut) for osMessagePut
    thread.o(i.ProxyThread) refers to rt_cmsis.o(i.osSemaphoreWait) for osSemaphoreWait
    thread.o(i.ProxyThread) refers to thread.o(.data) for rtrn
    thread.o(i.ProxyThread) refers to thread.o(.bss) for r_dataString
    thread.o(i.processEvent) refers to thread.o(i.CurrentState) for CurrentState
    thread.o(i.processEvent) refers to thread.o(.data) for state
    thread.o(.constdata) refers to thread.o(i.CommThread) for CommThread
    thread.o(.constdata) refers to thread.o(i.ControlThread) for ControlThread
    thread.o(.constdata) refers to thread.o(i.ProxyThread) for ProxyThread
    thread.o(.constdata) refers to thread.o(.bss) for os_messageQ_q_CommToControlQueue
    thread.o(.constdata) refers to thread.o(.data) for os_semaphore_cb_SEM0
    main.o(i.HAL_GetTick) refers to rt_time.o(.data) for os_time
    main.o(i.SystemClock_Config) refers to stm32f4xx_hal_rcc.o(i.HAL_RCC_OscConfig) for HAL_RCC_OscConfig
    main.o(i.SystemClock_Config) refers to main.o(i.Error_Handler) for Error_Handler
[...]
    mp_tmr_size                              0x0800ed8c   Data           2  rtx_conf_cm.o(.constdata)
    os_thread_def_main                       0x0800ed90   Data          16  rtx_conf_cm.o(.constdata)
    Driver_USART4                            0x0800ede8   Data          56  usart_stm32f4xx.o(.constdata)
    Driver_USBH0                             0x0800ee28   Data          72  usbh_fs_stm32f4xx.o(.constdata)
    __stdin_name                             0x0800ee70   Data           7  retarget_io.o(.constdata)
    __stdout_name                            0x0800ee77   Data           8  retarget_io.o(.constdata)
    __stderr_name                            0x0800ee7f   Data           8  retarget_io.o(.constdata)
    APBAHBPrescTable                         0x0800ee8f   Data          16  stm32f4xx_hal_rcc.o(.constdata)
    fs_fat_fh_cnt                            0x0800eea0   Data           1  fs_config.o(.constdata)
    fs_efs_fh_cnt                            0x0800eea1   Data           1  fs_config.o(.constdata)
    fs_ndrv                                  0x0800eea2   Data           1  fs_config.o(.constdata)
    os_mutex_def_fs_usb0_mtx                 0x0800eea4   Data           4  fs_config.o(.constdata)
    fs_DevPool                               0x0800eec0   Data           8  fs_config.o(.constdata)
    usbh0_pipe_num                           0x0800eec8   Data           4  usbh_config_0.o(.constdata)
    usbh0_transfer_num                       0x0800eecc   Data           4  usbh_config_0.o(.constdata)
    usbh0_power                              0x0800eed0   Data           1  usbh_config_0.o(.constdata)
    usbh0_mem_pool_reloc                     0x0800eed1   Data           1  usbh_config_0.o(.constdata)
    usbh0_mem_pool_size                      0x0800eed4   Data           4  usbh_config_0.o(.constdata)
    usbh0_hc                                 0x0800eed8   Data           2  usbh_config_0.o(.constdata)
    os_thread_def_USBH0_Core_Thread          0x0800eedc   Data          16  usbh_config_0.o(.constdata)
    usbh_hc_num                              0x0800eeec   Data           1  usbh_config_0.o(.constdata)
    usbh_hc_msk                              0x0800eeed   Data           1  usbh_config_0.o(.constdata)
    usbh_dcd_num                             0x0800eeee   Data           1  usbh_config_0.o(.constdata)
    usbh_dev_num                             0x0800eeef   Data           1  usbh_config_0.o(.constdata)
    usbh_msc_num                             0x0800eef0   Data           1  usbh_config_0.o(.constdata)
    usbh_hid_num                             0x0800eef1   Data           1  usbh_config_0.o(.constdata)
    usbh_cdc_num                             0x0800eef2   Data           1  usbh_config_0.o(.constdata)
    usbh_cls_num                             0x0800eef3   Data           1  usbh_config_0.o(.constdata)
    usbh_hcd_ptr                             0x0800eef4   Data           4  usbh_config_0.o(.constdata)
    usbh_hci_hcd_ptr                         0x0800eef8   Data           4  usbh_config_0.o(.constdata)
    usbh_hc_ptr                              0x0800eefc   Data           4  usbh_config_0.o(.constdata)
    usbh_ohci_ptr                            0x0800ef00   Data           4  usbh_config_0.o(.constdata)
    usbh_ehci_ptr                            0x0800ef04   Data           4  usbh_config_0.o(.constdata)
    usbh_power_ptr                           0x0800ef08   Data           4  usbh_config_0.o(.constdata)
    usbh_mem_pool_reloc_ptr                  0x0800ef0c   Data           4  usbh_config_0.o(.constdata)
    usbh_mem_pool_ptr                        0x0800ef10   Data           4  usbh_config_0.o(.constdata)
    usbh_mem_pool_size_ptr                   0x0800ef14   Data           4  usbh_config_0.o(.constdata)
    usbh_pipe_tid_ptr                        0x0800ef18   Data           4  usbh_config_0.o(.constdata)
    usbh_pipe_ptr                            0x0800ef1c   Data           4  usbh_config_0.o(.constdata)
    usbh_pipe_num_ptr                        0x0800ef20   Data           4  usbh_config_0.o(.constdata)
    usbh_transfer_num_ptr                    0x0800ef24   Data           4  usbh_config_0.o(.constdata)
    usbh_core_thread_def_ptr                 0x0800ef28   Data           4  usbh_config_0.o(.constdata)
    usbh_debounce_in_ms                      0x0800ef2c   Data           2  usbh_config_0.o(.constdata)
    os_semaphore_def_usbh0_driver_semaphore_def 0x0800ef30   Data           4  usbh_config_0.o(.constdata)
    usbh_driver_semaphore_def_ptr            0x0800ef34   Data           4  usbh_config_0.o(.constdata)
    os_timer_def_USBH_DebounceTimer0         0x0800ef38   Data           8  usbh_config_0.o(.constdata)
    usbh_debounce_timer_def_ptr              0x0800ef40   Data           4  usbh_config_0.o(.constdata)
    usbh_cb_port_event_ptr                   0x0800ef44   Data           4  usbh_config_0.o(.constdata)
    usbh_cb_pipe_event_ptr                   0x0800ef48   Data           4  usbh_config_0.o(.constdata)
    Region$$Table$$Base                      0x0800f3f8   Number         0  anon$$obj.o(Region$$Table)
    Region$$Table$$Limit                     0x0800f418   Number         0  anon$$obj.o(Region$$Table)
    __ctype                                  0x0800f425   Data           0  lc_ctype_c.o(locale$$data)
    f                                        0x20000000   Data           4  thread.o(.data)
    count                                    0x20000004   Data           4  thread.o(.data)
    state                                    0x20000008   Data           4  thread.o(.data)
    tid_CommThread                           0x2000000c   Data           4  thread.o(.data)
    tid_ControlThread                        0x20000010   Data           4  thread.o(.data)
    tid_proxyThread                          0x20000014   Data           4  thread.o(.data)
    mid_CommToControlQueue                   0x20000018   Data           4  thread.o(.data)
    mid_ContToProxyQueue                     0x2000001c   Data           4  thread.o(.data)
    mid_MsgQueue                             0x20000020   Data           4  thread.o(.data)
    os_semaphore_cb_SEM0                     0x20000024   Data           8  thread.o(.data)
    SEM0_id                                  0x2000002c   Data           4  thread.o(.data)
    pauseRequest                             0x20000030   Data           1  thread.o(.data)
    cs43l22_drv                              0x20000034   Data          48  cs43l22.o(.data)
    OutputDev                                0x20000065   Data           1  cs43l22.o(.data)
    GPIO_PORT                                0x20000068   Data          16  stm32f4_discovery.o(.data)
    BUTTON_PORT                              0x20000078   Data           4  stm32f4_discovery.o(.data)
    I2cxTimeout                              0x2000007c   Data           4  stm32f4_discovery.o(.data)
    SpixTimeout                              0x20000080   Data           4  stm32f4_discovery.o(.data)
    AudioInVolume                            0x20000088   Data           2  stm32f4_discovery_audio.o(.data)
    sid_UART_SEM_Send_block                  0x2000008c   Data           4  uart_driver.o(.data)
    os_semaphore_cb_UART_SEM_Send_block      0x20000090   Data           8  uart_driver.o(.data)
    sid_UART_SEM_Send                        0x20000098   Data           4  uart_driver.o(.data)
    os_semaphore_cb_UART_SEM_Send            0x2000009c   Data           8  uart_driver.o(.data)
    sid_UART_SEM_Rec_block                   0x200000a4   Data           4  uart_driver.o(.data)
    os_semaphore_cb_UART_SEM_Rec_block       0x200000a8   Data           8  uart_driver.o(.data)
    sid_UART_SEM_Rec                         0x200000b0   Data           4  uart_driver.o(.data)
    os_semaphore_cb_UART_SEM_Rec             0x200000b4   Data           8  uart_driver.o(.data)
    osThreadId_osTimerThread                 0x200000bc   Data           4  rtx_conf_cm.o(.data)
    osMessageQId_osTimerMessageQ             0x200000c0   Data           4  rtx_conf_cm.o(.data)
    os_tmr                                   0x200000c4   Data           4  rtx_conf_cm.o(.data)
    m_tmr                                    0x200000c8   Data           4  rtx_conf_cm.o(.data)
    otg_fs_role                              0x200000d0   Data           1  otg_fs_stm32f4xx.o(.data)
    SystemCoreClock                          0x20000100   Data           4  system_stm32f4xx.o(.data)
    usbh0_hcd_ptr                            0x20000104   Data           4  usbh_config_0.o(.data)
    usbh0_hci_hcd_ptr                        0x20000108   Data           4  usbh_config_0.o(.data)
    usbh0_hc_ptr                             0x2000010c   Data           4  usbh_config_0.o(.data)
    usbh0_ohci_ptr                           0x20000110   Data           4  usbh_config_0.o(.data)
    usbh0_ehci_ptr                           0x20000114   Data           4  usbh_config_0.o(.data)
    usbh_core_thread_id                      0x20000118   Data           4  usbh_config_0.o(.data)
    usbh_driver_semaphore_id                 0x2000011c   Data           4  usbh_config_0.o(.data)
    os_semaphore_cb_usbh0_driver_semaphore_def 0x20000120   Data           8  usbh_config_0.o(.data)
    usbh_debounce_timer_id                   0x20000128   Data           4  usbh_config_0.o(.data)
    usbh_drv_version                         0x2000012c   Data           4  usbh_config_0.o(.data)
    usbh_capabilities                        0x20000130   Data           4  usbh_config_0.o(.data)
    os_initialized                           0x20000134   Data           1  rt_cmsis.o(.data)
    os_running                               0x20000135   Data           1  rt_cmsis.o(.data)
    os_timer_head                            0x20000138   Data           4  rt_cmsis.o(.data)
    os_tsk                                   0x2000013c   Data           8  rt_task.o(.data)
    os_time                                  0x20000144   Data           4  rt_time.o(.data)
    os_tick_irqn                             0x20000150   Data           4  rt_system.o(.data)
    dbg_msg                                  0x20000154   Data           1  hal_cm.o(.data)
    _stream_list_lock                        0x20000158   Data           4  streamlock.o(.data)
    __aeabi_stdin                            0x2000015c   Data           4  stdio_streams.o(.data)
    __aeabi_stdout                           0x20000160   Data           4  stdio_streams.o(.data)
    __aeabi_stderr                           0x20000164   Data           4  stdio_streams.o(.data)
    os_messageQ_q_CommToControlQueue         0x20000168   Data          20  thread.o(.bss)
    os_messageQ_q_ContToProxyQueue           0x2000017c   Data          20  thread.o(.bss)
    os_messageQ_q_MsgQueue                   0x20000190   Data          20  thread.o(.bss)
    Audio_Buffer1                            0x200001a4   Data        4096  thread.o(.bss)
    Audio_Buffer2                            0x200011a4   Data        4096  thread.o(.bss)
    r_dataString                             0x200021a4   Data          50  thread.o(.bss)
    hAudioOutI2s                             0x20002284   Data          68  stm32f4_discovery_audio.o(.bss)
    hAudioInI2s                              0x200022c8   Data          68  stm32f4_discovery_audio.o(.bss)
    Filter                                   0x2000230c   Data          52  stm32f4_discovery_audio.o(.bss)
    mp_tcb                                   0x20002400   Data         480  rtx_conf_cm.o(.bss)
    mp_stk                                   0x200025e0   Data       12016  rtx_conf_cm.o(.bss)
    os_stack_mem                             0x200054d0   Data       12248  rtx_conf_cm.o(.bss)
    os_fifo                                  0x200084a8   Data         132  rtx_conf_cm.o(.bss)
    os_active_TCB                            0x2000852c   Data          36  rtx_conf_cm.o(.bss)
    os_messageQ_q_osTimerMessageQ            0x20008550   Data          32  rtx_conf_cm.o(.bss)
    fs_fat_fh                                0x20008a88   Data         144  fs_config.o(.bss)
    fs_efs_fh                                0x20008b18   Data          28  fs_config.o(.bss)
    usbh0_pipe                               0x20009fc8   Data          60  usbh_config_0.o(.bss)
    usbh0_pipe_tid                           0x2000a004   Data          24  usbh_config_0.o(.bss)
    usbh0_mem_pool                           0x2000a01c   Data         564  usbh_config_0.o(.bss)
    os_timer_cb_USBH_DebounceTimer0          0x2000a250   Data          24  usbh_config_0.o(.bss)
    usbh_hci                                 0x2000a268   Data          92  usbh_config_0.o(.bss)
    usbh_dev                                 0x2000a2c4   Data          24  usbh_config_0.o(.bss)
    usbh_msc                                 0x2000a2dc   Data          28  usbh_config_0.o(.bss)
    os_idle_TCB                              0x2000a2f8   Data          52  rt_task.o(.bss)
    os_rdy                                   0x2000a32c   Data          24  rt_list.o(.bss)
    os_dly                                   0x2000a344   Data          24  rt_list.o(.bss)
    __libspace_start                         0x2000a35c   Data          96  libspace.o(.bss)
    __stdin                                  0x2000a3bc   Data          84  stdio_streams.o(.bss)
    __temporary_stack_top$libspace           0x2000a3bc   Data           0  libspace.o(.bss)
    __stdout                                 0x2000a410   Data          84  stdio_streams.o(.bss)
    __stderr                                 0x2000a464   Data          84  stdio_streams.o(.bss)



==============================================================================

Memory Map of the image

  Image Entry point : 0x08000189

  Load Region LR_IROM1 (Base: 0x08000000, Size: 0x0000f690, Max: 0x00100000, ABSOLUTE, COMPRESSED[0x0000f58c])

    Execution Region ER_IROM1 (Base: 0x08000000, Size: 0x0000f528, Max: 0x00100000, ABSOLUTE)

    Base Addr    Size         Type   Attr      Idx    E Section Name        Object

    0x08000000   0x00000188   Data   RO         3567    RESET               startup_stm32f407xx.o
    0x08000188   0x00000008   Code   RO         5833  * !!!main             c_w.l(__main.o)
    0x08000190   0x00000034   Code   RO         6304    !!!scatter          c_w.l(__scatter.o)
    0x080001c4   0x0000005a   Code   RO         6302    !!dczerorl2         c_w.l(__dczerorl2.o)
    0x0800021e   0x00000002   PAD
    0x08000220   0x0000001c   Code   RO         6306    !!handler_zi        c_w.l(__scatter_zi.o)
    0x0800023c   0x00000002   Code   RO         6236    .ARM.Collect$$libinit$$00000000  c_w.l(libinit.o)
    0x0800023e   0x00000004   Code   RO         6106    .ARM.Collect$$libinit$$00000001  c_w.l(libinit2.o)
    0x08000242   0x00000000   Code   RO         6109    .ARM.Collect$$libinit$$00000004  c_w.l(libinit2.o)
    0x08000242   0x00000008   Code   RO         6110    .ARM.Collect$$libinit$$00000005  c_w.l(libinit2.o)
    0x0800024a   0x00000000   Code   RO         6112    .ARM.Collect$$libinit$$0000000A  c_w.l(libinit2.o)
    0x0800024a   0x00000000   Code   RO         6114    .ARM.Collect$$libinit$$0000000C  c_w.l(libinit2.o)
    0x0800024a   0x00000000   Code   RO         6116    .ARM.Collect$$libinit$$0000000E  c_w.l(libinit2.o)
    0x0800024a   0x00000006   Code   RO         6117    .ARM.Collect$$libinit$$0000000F  c_w.l(libinit2.o)
    0x08000250   0x00000000   Code   RO         6119    .ARM.Collect$$libinit$$00000011  c_w.l(libinit2.o)
    0x08000250   0x0000000c   Code   RO         6120    .ARM.Collect$$libinit$$00000012  c_w.l(libinit2.o)
    0x0800025c   0x00000000   Code   RO         6121    .ARM.Collect$$libinit$$00000013  c_w.l(libinit2.o)
    0x0800025c   0x00000000   Code   RO         6123    .ARM.Collect$$libinit$$00000015  c_w.l(libinit2.o)
    0x0800025c   0x00000000   Code   RO         6125    .ARM.Collect$$libinit$$00000017  c_w.l(libinit2.o)
    0x0800025c   0x00000000   Code   RO         6127    .ARM.Collect$$libinit$$00000019  c_w.l(libinit2.o)
    0x0800025c   0x00000000   Code   RO         6129    .ARM.Collect$$libinit$$0000001B  c_w.l(libinit2.o)
    0x0800025c   0x00000000   Code   RO         6131    .ARM.Collect$$libinit$$0000001D  c_w.l(libinit2.o)
    0x0800025c   0x00000000   Code   RO         6133    .ARM.Collect$$libinit$$0000001F  c_w.l(libinit2.o)
    0x0800025c   0x00000000   Code   RO         6135    .ARM.Collect$$libinit$$00000021  c_w.l(libinit2.o)
    0x0800025c   0x00000000   Code   RO         6137    .ARM.Collect$$libinit$$00000023  c_w.l(libinit2.o)
    0x0800025c   0x00000004   Code   RO         6138    .ARM.Collect$$libinit$$00000024  c_w.l(libinit2.o)
    0x08000260   0x00000000   Code   RO         6139    .ARM.Collect$$libinit$$00000025  c_w.l(libinit2.o)
    0x08000260   0x00000000   Code   RO         6143    .ARM.Collect$$libinit$$0000002C  c_w.l(libinit2.o)
    0x08000260   0x00000000   Code   RO         6145    .ARM.Collect$$libinit$$0000002E  c_w.l(libinit2.o)
    0x08000260   0x00000000   Code   RO         6147    .ARM.Collect$$libinit$$00000030  c_w.l(libinit2.o)
    0x08000260   0x00000000   Code   RO         6149    .ARM.Collect$$libinit$$00000032  c_w.l(libinit2.o)
    0x08000260   0x00000002   Code   RO         6150    .ARM.Collect$$libinit$$00000033  c_w.l(libinit2.o)
    0x08000262   0x00000002   Code   RO         6237    .ARM.Collect$$libshutdown$$00000000  c_w.l(libshutdown.o)
    0x08000264   0x00000000   Code   RO         6239    .ARM.Collect$$libshutdown$$00000002  c_w.l(libshutdown2.o)
    0x08000264   0x00000004   Code   RO         6240    .ARM.Collect$$libshutdown$$00000003  c_w.l(libshutdown2.o)
    0x08000268   0x00000000   Code   RO         6241    .ARM.Collect$$libshutdown$$00000004  c_w.l(libshutdown2.o)
    0x08000268   0x00000000   Code   RO         6244    .ARM.Collect$$libshutdown$$00000007  c_w.l(libshutdown2.o)
    0x08000268   0x00000000   Code   RO         6247    .ARM.Collect$$libshutdown$$0000000A  c_w.l(libshutdown2.o)
    0x08000268   0x00000000   Code   RO         6249    .ARM.Collect$$libshutdown$$0000000C  c_w.l(libshutdown2.o)
    0x08000268   0x00000000   Code   RO         6252    .ARM.Collect$$libshutdown$$0000000F  c_w.l(libshutdown2.o)
    0x08000268   0x00000002   Code   RO         6253    .ARM.Collect$$libshutdown$$00000010  c_w.l(libshutdown2.o)
    0x0800026a   0x00000000   Code   RO         5897    .ARM.Collect$$rtentry$$00000000  c_w.l(__rtentry.o)
    0x0800026a   0x00000000   Code   RO         6037    .ARM.Collect$$rtentry$$00000002  c_w.l(__rtentry2.o)
    0x0800026a   0x00000006   Code   RO         6049    .ARM.Collect$$rtentry$$00000004  c_w.l(__rtentry4.o)
    0x08000270   0x00000000   Code   RO         6039    .ARM.Collect$$rtentry$$00000009  c_w.l(__rtentry2.o)
    0x08000270   0x00000004   Code   RO         6040    .ARM.Collect$$rtentry$$0000000A  c_w.l(__rtentry2.o)
    0x08000274   0x00000008   Code   RO         6041    .ARM.Collect$$rtentry$$0000000B  c_w.l(__rtentry2.o)
    0x0800027c   0x00000008   Code   RO         6043    .ARM.Collect$$rtentry$$0000000D  c_w.l(__rtentry2.o)
    0x08000284   0x00000002   Code   RO         5898    .ARM.Collect$$rtexit$$00000000  c_w.l(rtexit.o)
    0x08000286   0x00000000   Code   RO         6052    .ARM.Collect$$rtexit$$00000002  c_w.l(rtexit2.o)
    0x08000286   0x00000004   Code   RO         6053    .ARM.Collect$$rtexit$$00000003  c_w.l(rtexit2.o)
    0x0800028a   0x00000006   Code   RO         6054    .ARM.Collect$$rtexit$$00000004  c_w.l(rtexit2.o)
    0x08000290   0x0000001c   Code   RO          974    .emb_text           rtx_conf_cm.o
    0x080002ac   0x00000198   Code   RO         5498    .emb_text           RTX_CM4.lib(hal_cm4.o)
    0x08000444   0x00000000   Code   RO         6188    .emb_text           c_w.l(maybetermalloc1.o)
    0x08000444   0x00000040   Code   RO         3568    .text               startup_stm32f407xx.o
    0x08000484   0x00000008   Code   RO         5794    .text               c_w.l(libspace.o)
    0x0800048c   0x000000ee   Code   RO         5797    .text               c_w.l(lludivv7m.o)
    0x0800057a   0x0000004c   Code   RO         5805    .text               c_w.l(fclose.o)
    0x080005c6   0x00000002   PAD
    0x080005c8   0x00000034   Code   RO         5807    .text               c_w.l(fclose_locked.o)
    0x080005fc   0x00000090   Code   RO         5809    .text               c_w.l(fflush_locked.o)
    0x0800068c   0x00000144   Code   RO         5811    .text               c_w.l(fopen_locked.o)
    0x080007d0   0x00000012   Code   RO         5813    .text               c_w.l(exit.o)
    0x080007e2   0x00000032   Code   RO         5815    .text               c_w.l(strncasecmp.o)
    0x08000814   0x0000003e   Code   RO         5817    .text               c_w.l(strlen.o)
    0x08000852   0x0000008a   Code   RO         5819    .text               c_w.l(rt_memcpy_v6.o)
    0x080008dc   0x00000064   Code   RO         5821    .text               c_w.l(rt_memcpy_w.o)
    0x08000940   0x00000044   Code   RO         5825    .text               c_w.l(rt_memclr.o)
    0x08000984   0x0000004e   Code   RO         5827    .text               c_w.l(rt_memclr_w.o)
    0x080009d2   0x00000002   PAD
    0x080009d4   0x00000080   Code   RO         5829    .text               c_w.l(strcmpv7m.o)
    0x08000a54   0x00000006   Code   RO         5831    .text               c_w.l(heapauxi.o)
    0x08000a5a   0x0000009e   Code   RO         5912    .text               c_w.l(h1_alloc_mt.o)
    0x08000af8   0x00000076   Code   RO         5914    .text               c_w.l(h1_free_mt.o)
    0x08000b6e   0x0000001a   Code   RO         5968    .text               c_w.l(tolower.o)
    0x08000b88   0x000000f8   Code   RO         5974    .text               c_w.l(fseek.o)
    0x08000c80   0x000000f0   Code   RO         5976    .text               c_w.l(stdio.o)
    0x08000d70   0x00000010   Code   RO         6058    .text               c_w.l(rt_ctype_table.o)
    0x08000d80   0x0000000a   Code   RO         6067    .text               c_w.l(rt_heap_descriptor_twolibspace.o)
    0x08000d8a   0x00000004   Code   RO         6074    .text               c_w.l(rt_errno_addr_twolibspace.o)
    0x08000d8e   0x00000004   Code   RO         6076    .text               c_w.l(hguard.o)
    0x08000d92   0x0000008a   Code   RO         6078    .text               c_w.l(init_alloc.o)
    0x08000e1c   0x00000012   Code   RO         6084    .text               c_w.l(h1_init_mt.o)
    0x08000e2e   0x0000023a   Code   RO         6096    .text               c_w.l(filbuf.o)
    0x08001068   0x00000042   Code   RO         6098    .text               c_w.l(ftell.o)
    0x080010aa   0x00000002   PAD
    0x080010ac   0x000001c8   Code   RO         6102    .text               c_w.l(initio_locked.o)
    0x08001274   0x0000000c   Code   RO         6175    .text               c_w.l(sys_exit.o)
    0x08001280   0x0000004a   Code   RO         6177    .text               c_w.l(sys_stackheap_outer.o)
    0x080012ca   0x0000000a   Code   RO         6184    .text               c_w.l(rt_locale_twolibspace.o)
    0x080012d4   0x0000003e   Code   RO         6192    .text               c_w.l(h1_extend_mt.o)
    0x08001312   0x00000068   Code   RO         6202    .text               c_w.l(setvbuf_locked.o)
    0x0800137a   0x00000132   Code   RO         6204    .text               c_w.l(freadfast_locked.o)
    0x080014ac   0x0000005c   Code   RO         6208    .text               c_w.l(flushlinebuffered_locked.o)
    0x08001508   0x0000000e   Code   RO         6217    .text               c_w.l(defsig_rtred_outer.o)
    0x08001516   0x0000000e   Code   RO         6221    .text               c_w.l(defsig_rtmem_outer.o)
    0x08001524   0x00000002   Code   RO         6258    .text               c_w.l(use_no_semi.o)
    0x08001526   0x00000000   Code   RO         6260    .text               c_w.l(indicate_semi.o)
    0x08001526   0x0000000a   Code   RO         6265    .text               c_w.l(defsig_exit.o)
    0x08001530   0x00000034   Code   RO         6269    .text               c_w.l(defsig_rtred_inner.o)
    0x08001564   0x00000050   Code   RO         6271    .text               c_w.l(defsig_rtmem_inner.o)
    0x080015b4   0x00000032   Code   RO         6283    .text               c_w.l(defsig_general.o)
    0x080015e6   0x0000000e   Code   RO         6285    .text               c_w.l(sys_wrch.o)
    0x080015f4   0x00000004   Code   RO         5781    SVC_TABLE           RTX_CM4.lib(svc_table.o)
    0x080015f8   0x00000002   Code   RO          413    i.AUDIO_IO_DeInit   stm32f4_discovery.o
    0x080015fa   0x00000002   PAD
    0x080015fc   0x0000006c   Code   RO          414    i.AUDIO_IO_Init     stm32f4_discovery.o
    0x08001668   0x00000010   Code   RO          415    i.AUDIO_IO_Read     stm32f4_discovery.o
    0x08001678   0x00000014   Code   RO          416    i.AUDIO_IO_Write    stm32f4_discovery.o
    0x0800168c   0x00000002   Code   RO          567    i.BSP_AUDIO_IN_Error_Callback  stm32f4_discovery_audio.o
    0x0800168e   0x00000002   PAD
    0x08001690   0x00000018   Code   RO          577    i.BSP_AUDIO_OUT_ChangeBuffer  stm32f4_discovery_audio.o
    0x080016a8   0x00000004   Code   RO            4    i.BSP_AUDIO_OUT_Error_CallBack  thread.o
    0x080016ac   0x00000002   Code   RO            5    i.BSP_AUDIO_OUT_HalfTransfer_CallBack  thread.o
    0x080016ae   0x00000002   PAD
    0x080016b0   0x000000c8   Code   RO          580    i.BSP_AUDIO_OUT_Init  stm32f4_discovery_audio.o
    0x08001778   0x00000024   Code   RO          581    i.BSP_AUDIO_OUT_Pause  stm32f4_discovery_audio.o
    0x0800179c   0x00000044   Code   RO          582    i.BSP_AUDIO_OUT_Play  stm32f4_discovery_audio.o
    0x080017e0   0x00000024   Code   RO          583    i.BSP_AUDIO_OUT_Resume  stm32f4_discovery_audio.o
    0x08001804   0x00000020   Code   RO          585    i.BSP_AUDIO_OUT_SetMute  stm32f4_discovery_audio.o
    0x08001824   0x00000040   Code   RO          588    i.BSP_AUDIO_OUT_Stop  stm32f4_discovery_audio.o
    0x08001864   0x0000004c   Code   RO            6    i.BSP_AUDIO_OUT_TransferComplete_CallBack  thread.o
    0x080018b0   0x00000004   Code   RO          839    i.BusFault_Handler  stm32f4xx_it.o
    0x080018b4   0x0000001c   Code   RO          317    i.CODEC_IO_Write    cs43l22.o
    0x080018d0   0x00000028   Code   RO         4850    i.CheckController   USB_CM3_L.lib(usbh_lib_core.o)
    0x080018f8   0x0000002c   Code   RO         4851    i.CheckDeviceInstance  USB_CM3_L.lib(usbh_lib_core.o)
    0x08001924   0x0000003c   Code   RO         5028    i.CheckInstance     USB_CM3_L.lib(usbh_lib_msc.o)
    0x08001960   0x000000ac   Code   RO            7    i.CommThread        thread.o
    0x08001a0c   0x00000074   Code   RO            8    i.ControlThread     thread.o
    0x08001a80   0x0000000c   Code   RO            9    i.CurrentState      thread.o
    0x08001a8c   0x00000010   Code   RO          840    i.DMA1_Stream3_IRQHandler  stm32f4xx_it.o
    0x08001a9c   0x00000010   Code   RO          841    i.DMA1_Stream7_IRQHandler  stm32f4xx_it.o
    0x08001aac   0x00000034   Code   RO         1812    i.DMA_CalcBaseAndBitshift  stm32f4xx_hal_dma.o
    0x08001ae0   0x000000ba   Code   RO         1813    i.DMA_CheckFifoParam  stm32f4xx_hal_dma.o
    0x08001b9a   0x0000002c   Code   RO         1814    i.DMA_SetConfig     stm32f4xx_hal_dma.o
    0x08001bc6   0x00000002   Code   RO          842    i.DebugMon_Handler  stm32f4xx_it.o
    0x08001bc8   0x0000000a   Code   RO          843    i.EXTI0_IRQHandler  stm32f4xx_it.o
    0x08001bd2   0x0000000a   Code   RO          844    i.EXTI1_IRQHandler  stm32f4xx_it.o
    0x08001bdc   0x00000184   Code   RO         1047    i.Enable_GPIO_Clock  otg_fs_stm32f4xx.o
    0x08001d60   0x00000184   Code   RO         1118    i.Enable_GPIO_Clock  usart_stm32f4xx.o
    0x08001ee4   0x00000004   Code   RO          260    i.Error_Handler     main.o
    0x08001ee8   0x00000044   Code   RO         5029    i.FS_USBH_MSC_DeviceCtrl  USB_CM3_L.lib(usbh_lib_msc.o)
    0x08001f2c   0x0000003c   Code   RO         5030    i.FS_USBH_MSC_Initialize  USB_CM3_L.lib(usbh_lib_msc.o)
    0x08001f68   0x00000028   Code   RO         5031    i.FS_USBH_MSC_ReadInfo  USB_CM3_L.lib(usbh_lib_msc.o)
    0x08001f90   0x0000002c   Code   RO         5032    i.FS_USBH_MSC_ReadSectors  USB_CM3_L.lib(usbh_lib_msc.o)
    0x08001fbc   0x00000018   Code   RO         5033    i.FS_USBH_MSC_Uninitialize  USB_CM3_L.lib(usbh_lib_msc.o)
    0x08001fd4   0x0000002c   Code   RO         5034    i.FS_USBH_MSC_WriteSectors  USB_CM3_L.lib(usbh_lib_msc.o)
    0x08002000   0x000000aa   Code   RO         1815    i.HAL_DMA_Abort     stm32f4xx_hal_dma.o
    0x080020aa   0x00000062   Code   RO         1817    i.HAL_DMA_DeInit    stm32f4xx_hal_dma.o
    0x0800210c   0x00000248   Code   RO         1820    i.HAL_DMA_IRQHandler  stm32f4xx_hal_dma.o
    0x08002354   0x000000e8   Code   RO         1821    i.HAL_DMA_Init      stm32f4xx_hal_dma.o
    0x0800243c   0x0000009e   Code   RO         1825    i.HAL_DMA_Start_IT  stm32f4xx_hal_dma.o
    0x080024da   0x0000001a   Code   RO         1544    i.HAL_Delay         stm32f4xx_hal.o
    0x080024f4   0x00000174   Code   RO         1959    i.HAL_GPIO_DeInit   stm32f4xx_hal_gpio.o
    0x08002668   0x00000002   Code   RO         1960    i.HAL_GPIO_EXTI_Callback  stm32f4xx_hal_gpio.o
    0x0800266a   0x00000002   PAD
    0x0800266c   0x0000001c   Code   RO         1961    i.HAL_GPIO_EXTI_IRQHandler  stm32f4xx_hal_gpio.o
    0x08002688   0x0000020c   Code   RO         1962    i.HAL_GPIO_Init     stm32f4xx_hal_gpio.o
    0x08002894   0x00000010   Code   RO         1964    i.HAL_GPIO_ReadPin  stm32f4xx_hal_gpio.o
    0x080028a4   0x0000000c   Code   RO         1966    i.HAL_GPIO_WritePin  stm32f4xx_hal_gpio.o
    0x080028b0   0x0000000c   Code   RO         1549    i.HAL_GetREVID      stm32f4xx_hal.o
    0x080028bc   0x0000000c   Code   RO          261    i.HAL_GetTick       main.o
    0x080028c8   0x0000003c   Code   RO         2027    i.HAL_I2C_DeInit    stm32f4xx_hal_i2c.o
    0x08002904   0x00000008   Code   RO         2035    i.HAL_I2C_GetState  stm32f4xx_hal_i2c.o
    0x0800290c   0x00000128   Code   RO         2036    i.HAL_I2C_Init      stm32f4xx_hal_i2c.o
    0x08002a34   0x00000288   Code   RO         2052    i.HAL_I2C_Mem_Read  stm32f4xx_hal_i2c.o
    0x08002cbc   0x00000148   Code   RO         2055    i.HAL_I2C_Mem_Write  stm32f4xx_hal_i2c.o
    0x08002e04   0x00000002   Code   RO         2058    i.HAL_I2C_MspDeInit  stm32f4xx_hal_i2c.o
    0x08002e06   0x00000002   Code   RO         2059    i.HAL_I2C_MspInit   stm32f4xx_hal_i2c.o
    0x08002e08   0x000000d8   Code   RO         2641    i.HAL_I2S_DMAPause  stm32f4xx_hal_i2s_ex.o
    0x08002ee0   0x000000f0   Code   RO         2642    i.HAL_I2S_DMAResume  stm32f4xx_hal_i2s_ex.o
    0x08002fd0   0x000000f4   Code   RO         2643    i.HAL_I2S_DMAStop   stm32f4xx_hal_i2s_ex.o
    0x080030c4   0x00000028   Code   RO          590    i.HAL_I2S_ErrorCallback  stm32f4_discovery_audio.o
    0x080030ec   0x00000008   Code   RO         2464    i.HAL_I2S_GetState  stm32f4xx_hal_i2s.o
    0x080030f4   0x00000190   Code   RO         2645    i.HAL_I2S_Init      stm32f4xx_hal_i2s_ex.o
    0x08003284   0x00000002   Code   RO         2468    i.HAL_I2S_MspInit   stm32f4xx_hal_i2s.o
    0x08003286   0x00000002   PAD
    0x08003288   0x000000dc   Code   RO         2475    i.HAL_I2S_Transmit_DMA  stm32f4xx_hal_i2s.o
    0x08003364   0x00000018   Code   RO          593    i.HAL_I2S_TxCpltCallback  stm32f4_discovery_audio.o
    0x0800337c   0x00000018   Code   RO          594    i.HAL_I2S_TxHalfCpltCallback  stm32f4_discovery_audio.o
    0x08003394   0x0000003c   Code   RO         1552    i.HAL_Init          stm32f4xx_hal.o
    0x080033d0   0x00000028   Code   RO         1553    i.HAL_InitTick      stm32f4xx_hal.o
    0x080033f8   0x00000002   Code   RO         1555    i.HAL_MspInit       stm32f4xx_hal.o
    0x080033fa   0x00000002   PAD
    0x080033fc   0x00000024   Code   RO         1686    i.HAL_NVIC_DisableIRQ  stm32f4xx_hal_cortex.o
    0x08003420   0x00000020   Code   RO         1687    i.HAL_NVIC_EnableIRQ  stm32f4xx_hal_cortex.o
    0x08003440   0x0000007c   Code   RO         1693    i.HAL_NVIC_SetPriority  stm32f4xx_hal_cortex.o
    0x080034bc   0x00000028   Code   RO         1694    i.HAL_NVIC_SetPriorityGrouping  stm32f4xx_hal_cortex.o
    0x080034e4   0x00000050   Code   RO         3007    i.HAL_RCCEx_GetPeriphCLKConfig  stm32f4xx_hal_rcc_ex.o
    0x08003534   0x000001b0   Code   RO         3008    i.HAL_RCCEx_PeriphCLKConfig  stm32f4xx_hal_rcc_ex.o
    0x080036e4   0x000001d0   Code   RO         2903    i.HAL_RCC_ClockConfig  stm32f4xx_hal_rcc.o
    0x080038b4   0x0000000c   Code   RO         2908    i.HAL_RCC_GetHCLKFreq  stm32f4xx_hal_rcc.o
    0x080038c0   0x0000002c   Code   RO         2910    i.HAL_RCC_GetPCLK1Freq  stm32f4xx_hal_rcc.o
    0x080038ec   0x000000b4   Code   RO         2912    i.HAL_RCC_GetSysClockFreq  stm32f4xx_hal_rcc.o
    0x080039a0   0x0000039c   Code   RO         2915    i.HAL_RCC_OscConfig  stm32f4xx_hal_rcc.o
    0x08003d3c   0x00000034   Code   RO         1698    i.HAL_SYSTICK_Config  stm32f4xx_hal_cortex.o
    0x08003d70   0x00000004   Code   RO          845    i.HardFault_Handler  stm32f4xx_it.o
    0x08003d74   0x00000034   Code   RO         2074    i.I2C_IsAcknowledgeFailed  stm32f4xx_hal_i2c.o
    0x08003da8   0x00000158   Code   RO         2084    i.I2C_RequestMemoryRead  stm32f4xx_hal_i2c.o
    0x08003f00   0x000000e0   Code   RO         2085    i.I2C_RequestMemoryWrite  stm32f4xx_hal_i2c.o
    0x08003fe0   0x00000056   Code   RO         2093    i.I2C_WaitOnBTFFlagUntilTimeout  stm32f4xx_hal_i2c.o
    0x08004036   0x00000078   Code   RO         2094    i.I2C_WaitOnFlagUntilTimeout  stm32f4xx_hal_i2c.o
    0x080040ae   0x000000ac   Code   RO         2095    i.I2C_WaitOnMasterAddressFlagUntilTimeout  stm32f4xx_hal_i2c.o
    0x0800415a   0x0000006e   Code   RO         2096    i.I2C_WaitOnRXNEFlagUntilTimeout  stm32f4xx_hal_i2c.o
    0x080041c8   0x00000056   Code   RO         2098    i.I2C_WaitOnTXEFlagUntilTimeout  stm32f4xx_hal_i2c.o
    0x0800421e   0x00000002   PAD
    0x08004220   0x00000014   Code   RO          424    i.I2Cx_Error        stm32f4_discovery.o
    0x08004234   0x00000040   Code   RO          425    i.I2Cx_Init         stm32f4_discovery.o
    0x08004274   0x000000ac   Code   RO          426    i.I2Cx_MspInit      stm32f4_discovery.o
    0x08004320   0x00000040   Code   RO          427    i.I2Cx_ReadData     stm32f4_discovery.o
    0x08004360   0x0000003c   Code   RO          428    i.I2Cx_WriteData    stm32f4_discovery.o
    0x0800439c   0x00000050   Code   RO          597    i.I2S3_Init         stm32f4_discovery_audio.o
    0x080043ec   0x00000170   Code   RO          598    i.I2S3_MspInit      stm32f4_discovery_audio.o
    0x0800455c   0x00000022   Code   RO         2479    i.I2S_DMAError      stm32f4xx_hal_i2s.o
    0x0800457e   0x00000002   PAD
    0x08004580   0x000000a4   Code   RO         2648    i.I2S_DMATxCplt     stm32f4xx_hal_i2s_ex.o
    0x08004624   0x0000000e   Code   RO         2481    i.I2S_DMATxHalfCplt  stm32f4xx_hal_i2s.o
    0x08004632   0x00000002   PAD
    0x08004634   0x00000070   Code   RO         2649    i.I2S_GetInputClock  stm32f4xx_hal_i2s_ex.o
    0x080046a4   0x000000c4   Code   RO           10    i.Init_Thread       thread.o
    0x08004768   0x0000004c   Code   RO          922    i.LED_Initialize    led_f4discovery.o
    0x080047b4   0x00000020   Code   RO          924    i.LED_On            led_f4discovery.o
    0x080047d4   0x00000004   Code   RO          846    i.MemManage_Handler  stm32f4xx_it.o
    0x080047d8   0x00000002   Code   RO          847    i.NMI_Handler       stm32f4xx_it.o
    0x080047da   0x0000001a   Code   RO         1048    i.OTG_FS_IRQHandler  otg_fs_stm32f4xx.o
    0x080047f4   0x00000028   Code   RO         1049    i.OTG_FS_PinGetOC   otg_fs_stm32f4xx.o
    0x0800481c   0x00000024   Code   RO         1050    i.OTG_FS_PinVbusOnOff  otg_fs_stm32f4xx.o
    0x08004840   0x000000c4   Code   RO         1051    i.OTG_FS_PinsConfigure  otg_fs_stm32f4xx.o
    0x08004904   0x00000058   Code   RO         1052    i.OTG_FS_PinsUnconfigure  otg_fs_stm32f4xx.o
    0x0800495c   0x00000278   Code   RO           11    i.ProxyThread       thread.o
    0x08004bd4   0x000000c0   Code   RO          262    i.SystemClock_Config  main.o
    0x08004c94   0x00000064   Code   RO         3576    i.SystemInit        system_stm32f4xx.o
    0x08004cf8   0x00000010   Code   RO         1119    i.UART4_IRQHandler  usart_stm32f4xx.o
    0x08004d08   0x000000c0   Code   RO          786    i.UART_Init         uart_driver.o
    0x08004dc8   0x00000040   Code   RO          787    i.UART_receive      uart_driver.o
    0x08004e08   0x00000058   Code   RO          788    i.UART_receivestring  uart_driver.o
    0x08004e60   0x00000040   Code   RO          789    i.UART_send         uart_driver.o
    0x08004ea0   0x00000018   Code   RO         1120    i.USART4_Control    usart_stm32f4xx.o
    0x08004eb8   0x00000010   Code   RO         1121    i.USART4_GetCapabilities  usart_stm32f4xx.o
    0x08004ec8   0x00000010   Code   RO         1122    i.USART4_GetModemStatus  usart_stm32f4xx.o
    0x08004ed8   0x00000010   Code   RO         1123    i.USART4_GetRxCount  usart_stm32f4xx.o
    0x08004ee8   0x00000010   Code   RO         1124    i.USART4_GetStatus  usart_stm32f4xx.o
    0x08004ef8   0x00000010   Code   RO         1125    i.USART4_GetTxCount  usart_stm32f4xx.o
    0x08004f08   0x00000014   Code   RO         1126    i.USART4_Initialize  usart_stm32f4xx.o
    0x08004f1c   0x00000014   Code   RO         1127    i.USART4_PowerControl  usart_stm32f4xx.o
    0x08004f30   0x00000018   Code   RO         1128    i.USART4_Receive    usart_stm32f4xx.o
    0x08004f48   0x00000018   Code   RO         1129    i.USART4_Send       usart_stm32f4xx.o
    0x08004f60   0x00000014   Code   RO         1130    i.USART4_SetModemControl  usart_stm32f4xx.o
    0x08004f74   0x0000001c   Code   RO         1131    i.USART4_Transfer   usart_stm32f4xx.o
    0x08004f90   0x00000010   Code   RO         1132    i.USART4_Uninitialize  usart_stm32f4xx.o
    0x08004fa0   0x000008a4   Code   RO         1133    i.USART_Control     usart_stm32f4xx.o
    0x08005844   0x00000006   Code   RO         1134    i.USART_GetCapabilities  usart_stm32f4xx.o
    0x0800584a   0x0000005a   Code   RO         1135    i.USART_GetModemStatus  usart_stm32f4xx.o
    0x080058a4   0x00000008   Code   RO         1136    i.USART_GetRxCount  usart_stm32f4xx.o
    0x080058ac   0x00000076   Code   RO         1137    i.USART_GetStatus   usart_stm32f4xx.o
    0x08005922   0x00000008   Code   RO         1138    i.USART_GetTxCount  usart_stm32f4xx.o
    0x0800592a   0x00000272   Code   RO         1139    i.USART_IRQHandler  usart_stm32f4xx.o
    0x08005b9c   0x0000008a   Code   RO         1140    i.USART_Initialize  usart_stm32f4xx.o
    0x08005c26   0x00000002   PAD
    0x08005c28   0x00000134   Code   RO         1141    i.USART_PeripheralReset  usart_stm32f4xx.o
    0x08005d5c   0x000002c0   Code   RO         1142    i.USART_PowerControl  usart_stm32f4xx.o
    0x0800601c   0x000000a2   Code   RO         1143    i.USART_Receive     usart_stm32f4xx.o
    0x080060be   0x00000088   Code   RO         1144    i.USART_Send        usart_stm32f4xx.o
    0x08006146   0x00000072   Code   RO         1145    i.USART_SetModemControl  usart_stm32f4xx.o
    0x080061b8   0x0000006a   Code   RO         1146    i.USART_Transfer    usart_stm32f4xx.o
    0x08006222   0x0000006a   Code   RO         1147    i.USART_Uninitialize  usart_stm32f4xx.o
    0x0800628c   0x00000050   Code   RO          790    i.USART_callback    uart_driver.o
    0x080062dc   0x00000010   Code   RO         1148    i.USARTx_GetVersion  usart_stm32f4xx.o
    0x080062ec   0x00000006   Code   RO         4852    i.USBH0_Core_Thread  USB_CM3_L.lib(usbh_lib_core.o)
    0x080062f2   0x00000012   Code   RO         3874    i.USBH0_SignalPipeEvent  usbh_config_0.o
    0x08006304   0x00000012   Code   RO         3875    i.USBH0_SignalPortEvent  usbh_config_0.o
    0x08006316   0x00000006   Code   RO         3876    i.USBH_CDC_Configure  usbh_config_0.o
    0x0800631c   0x00000006   Code   RO         3877    i.USBH_CDC_Initialize_Lib  usbh_config_0.o
    0x08006322   0x00000006   Code   RO         3878    i.USBH_CDC_Unconfigure  usbh_config_0.o
    0x08006328   0x00000006   Code   RO         3879    i.USBH_CDC_Uninitialize_Lib  usbh_config_0.o
    0x0800632e   0x0000006e   Code   RO         1314    i.USBH_CH_Disable   usbh_fs_stm32f4xx.o
    0x0800639c   0x00000010   Code   RO         1315    i.USBH_CH_GetIndexFromAddress  usbh_fs_stm32f4xx.o
    0x080063ac   0x00000144   Code   RO         4856    i.USBH_ConnectDebounce  USB_CM3_L.lib(usbh_lib_core.o)
    0x080064f0   0x00000254   Code   RO         4858    i.USBH_Core_Thread  USB_CM3_L.lib(usbh_lib_core.o)
    0x08006744   0x00000006   Code   RO         3880    i.USBH_CustomClass_Configure  usbh_config_0.o
    0x0800674a   0x00000006   Code   RO         3881    i.USBH_CustomClass_Initialize  usbh_config_0.o
    0x08006750   0x00000006   Code   RO         3882    i.USBH_CustomClass_Unconfigure  usbh_config_0.o
    0x08006756   0x00000006   Code   RO         3883    i.USBH_CustomClass_Uninitialize  usbh_config_0.o
    0x0800675c   0x00000030   Code   RO         4867    i.USBH_DefaultPipeSetAddress  USB_CM3_L.lib(usbh_lib_core.o)
    0x0800678c   0x00000034   Code   RO         4868    i.USBH_DefaultPipeSetMaxPacketSize  USB_CM3_L.lib(usbh_lib_core.o)
    0x080067c0   0x0000009c   Code   RO         4869    i.USBH_DeviceRequest_ClearFeature  USB_CM3_L.lib(usbh_lib_core.o)
    0x0800685c   0x000000c8   Code   RO         4871    i.USBH_DeviceRequest_GetDescriptor  USB_CM3_L.lib(usbh_lib_core.o)
    0x08006924   0x00000088   Code   RO         4874    i.USBH_DeviceRequest_SetAddress  USB_CM3_L.lib(usbh_lib_core.o)
    0x080069ac   0x00000088   Code   RO         4875    i.USBH_DeviceRequest_SetConfiguration  USB_CM3_L.lib(usbh_lib_core.o)
    0x08006a34   0x00000004   Code   RO         4885    i.USBH_Device_GetStatus  USB_CM3_L.lib(usbh_lib_core.o)
    0x08006a38   0x00000010   Code   RO         4887    i.USBH_DriverGetCapabilities  USB_CM3_L.lib(usbh_lib_core.o)
    0x08006a48   0x00000010   Code   RO         4889    i.USBH_DriverGetVersion  USB_CM3_L.lib(usbh_lib_core.o)
    0x08006a58   0x0000004c   Code   RO         4890    i.USBH_DriverInitialize  USB_CM3_L.lib(usbh_lib_core.o)
    0x08006aa4   0x0000005c   Code   RO         4891    i.USBH_DriverPipeCreate  USB_CM3_L.lib(usbh_lib_core.o)
    0x08006b00   0x00000044   Code   RO         4892    i.USBH_DriverPipeDelete  USB_CM3_L.lib(usbh_lib_core.o)
    0x08006b44   0x00000060   Code   RO         4893    i.USBH_DriverPipeModify  USB_CM3_L.lib(usbh_lib_core.o)
    0x08006ba4   0x00000044   Code   RO         4894    i.USBH_DriverPipeReset  USB_CM3_L.lib(usbh_lib_core.o)
    0x08006be8   0x00000058   Code   RO         4895    i.USBH_DriverPipeTransfer  USB_CM3_L.lib(usbh_lib_core.o)
    0x08006c40   0x00000044   Code   RO         4896    i.USBH_DriverPipeTransferAbort  USB_CM3_L.lib(usbh_lib_core.o)
    0x08006c84   0x0000003c   Code   RO         4897    i.USBH_DriverPipeTransferGetResult  USB_CM3_L.lib(usbh_lib_core.o)
    0x08006cc0   0x0000003c   Code   RO         4898    i.USBH_DriverPortGetState  USB_CM3_L.lib(usbh_lib_core.o)
    0x08006cfc   0x00000058   Code   RO         4899    i.USBH_DriverPortReset  USB_CM3_L.lib(usbh_lib_core.o)
    0x08006d54   0x00000044   Code   RO         4900    i.USBH_DriverPortResume  USB_CM3_L.lib(usbh_lib_core.o)
    0x08006d98   0x00000044   Code   RO         4901    i.USBH_DriverPortSuspend  USB_CM3_L.lib(usbh_lib_core.o)
    0x08006ddc   0x0000004c   Code   RO         4902    i.USBH_DriverPortVbusOnOff  USB_CM3_L.lib(usbh_lib_core.o)
    0x08006e28   0x00000044   Code   RO         4903    i.USBH_DriverPowerControl  USB_CM3_L.lib(usbh_lib_core.o)
    0x08006e6c   0x00000354   Code   RO         4905    i.USBH_Engine       USB_CM3_L.lib(usbh_lib_core.o)
    0x080071c0   0x000003a8   Code   RO         4906    i.USBH_EnumerateDevice  USB_CM3_L.lib(usbh_lib_core.o)
    0x08007568   0x00000424   Code   RO         1316    i.USBH_FS_IRQ       usbh_fs_stm32f4xx.o
    0x0800798c   0x00000034   Code   RO         4907    i.USBH_FindRecoveryDevice  USB_CM3_L.lib(usbh_lib_core.o)
    0x080079c0   0x0000000c   Code   RO         1317    i.USBH_GetCapabilities  usbh_fs_stm32f4xx.o
    0x080079cc   0x0000001c   Code   RO         1318    i.USBH_GetFrameNumber  usbh_fs_stm32f4xx.o
    0x080079e8   0x00000030   Code   RO         4908    i.USBH_GetFree_PIPE_TID  USB_CM3_L.lib(usbh_lib_core.o)
    0x08007a18   0x00000010   Code   RO         1319    i.USBH_GetVersion   usbh_fs_stm32f4xx.o
    0x08007a28   0x00000038   Code   RO         4909    i.USBH_Get_TID_from_Pipe  USB_CM3_L.lib(usbh_lib_core.o)
    0x08007a60   0x00000006   Code   RO         3884    i.USBH_HID_Configure  usbh_config_0.o
    0x08007a66   0x00000006   Code   RO         3885    i.USBH_HID_Initialize_Lib  usbh_config_0.o
    0x08007a6c   0x00000006   Code   RO         3886    i.USBH_HID_Unconfigure  usbh_config_0.o
    0x08007a72   0x00000006   Code   RO         3887    i.USBH_HID_Uninitialize_Lib  usbh_config_0.o
    0x08007a78   0x000001f4   Code   RO         1320    i.USBH_HW_StartTransfer  usbh_fs_stm32f4xx.o
    0x08007c6c   0x00000040   Code   RO         1321    i.USBH_Initialize   usbh_fs_stm32f4xx.o
    0x08007cac   0x000001b4   Code   RO         4910    i.USBH_Initialize   USB_CM3_L.lib(usbh_lib_core.o)
    0x08007e60   0x000000e8   Code   RO         5037    i.USBH_MSC_Configure  USB_CM3_L.lib(usbh_lib_msc.o)
    0x08007f48   0x000000bc   Code   RO         5039    i.USBH_MSC_GetMaxLUN  USB_CM3_L.lib(usbh_lib_msc.o)
    0x08008004   0x0000002c   Code   RO         5040    i.USBH_MSC_GetStatus  USB_CM3_L.lib(usbh_lib_msc.o)
    0x08008030   0x00000200   Code   RO         5042    i.USBH_MSC_Initialize_Lib  USB_CM3_L.lib(usbh_lib_msc.o)
    0x08008230   0x0000006c   Code   RO         5043    i.USBH_MSC_Read     USB_CM3_L.lib(usbh_lib_msc.o)
    0x0800829c   0x00000034   Code   RO         5044    i.USBH_MSC_ReadCapacity  USB_CM3_L.lib(usbh_lib_msc.o)
    0x080082d0   0x000000c8   Code   RO         5045    i.USBH_MSC_Recover  USB_CM3_L.lib(usbh_lib_msc.o)
    0x08008398   0x00000110   Code   RO         5046    i.USBH_MSC_SCSI_Inquiry  USB_CM3_L.lib(usbh_lib_msc.o)
    0x080084a8   0x00000120   Code   RO         5047    i.USBH_MSC_SCSI_Read10  USB_CM3_L.lib(usbh_lib_msc.o)
    0x080085c8   0x00000118   Code   RO         5048    i.USBH_MSC_SCSI_ReadCapacity  USB_CM3_L.lib(usbh_lib_msc.o)
    0x080086e0   0x00000110   Code   RO         5050    i.USBH_MSC_SCSI_RequestSense  USB_CM3_L.lib(usbh_lib_msc.o)
    0x080087f0   0x000000e8   Code   RO         5051    i.USBH_MSC_SCSI_TestUnitReady  USB_CM3_L.lib(usbh_lib_msc.o)
    0x080088d8   0x00000120   Code   RO         5052    i.USBH_MSC_SCSI_Write10  USB_CM3_L.lib(usbh_lib_msc.o)
    0x080089f8   0x00000058   Code   RO         5053    i.USBH_MSC_Unconfigure  USB_CM3_L.lib(usbh_lib_msc.o)
    0x08008a50   0x00000004   Code   RO         5055    i.USBH_MSC_Uninitialize_Lib  USB_CM3_L.lib(usbh_lib_msc.o)
    0x08008a54   0x0000006c   Code   RO         5056    i.USBH_MSC_Write    USB_CM3_L.lib(usbh_lib_msc.o)
    0x08008ac0   0x0000002a   Code   RO         4911    i.USBH_MemoryAllocate  USB_CM3_L.lib(usbh_lib_core.o)
    0x08008aea   0x00000002   PAD
    0x08008aec   0x00000044   Code   RO         5742    i.USBH_MemoryAllocateLib  USB_CM3_L.lib(usbh_lib_mem.o)
    0x08008b30   0x00000026   Code   RO         4912    i.USBH_MemoryFree   USB_CM3_L.lib(usbh_lib_core.o)
    0x08008b56   0x00000002   PAD
    0x08008b58   0x0000003c   Code   RO         5743    i.USBH_MemoryFreeLib  USB_CM3_L.lib(usbh_lib_mem.o)
    0x08008b94   0x00000010   Code   RO         5744    i.USBH_MemoryGetPoolSize  USB_CM3_L.lib(usbh_lib_mem.o)
    0x08008ba4   0x0000001c   Code   RO         4913    i.USBH_MemoryInitialize  USB_CM3_L.lib(usbh_lib_core.o)
    0x08008bc0   0x00000040   Code   RO         5745    i.USBH_MemoryInitializeLib  USB_CM3_L.lib(usbh_lib_mem.o)
    0x08008c00   0x00000028   Code   RO         5746    i.USBH_MemoryIsInPool  USB_CM3_L.lib(usbh_lib_mem.o)
    0x08008c28   0x00000104   Code   RO         1322    i.USBH_PipeCreate   usbh_fs_stm32f4xx.o
    0x08008d2c   0x00000094   Code   RO         4916    i.USBH_PipeCreate   USB_CM3_L.lib(usbh_lib_core.o)
    0x08008dc0   0x00000050   Code   RO         1323    i.USBH_PipeDelete   usbh_fs_stm32f4xx.o
    0x08008e10   0x00000026   Code   RO         4917    i.USBH_PipeDelete   USB_CM3_L.lib(usbh_lib_core.o)
    0x08008e36   0x00000002   PAD
    0x08008e38   0x0000011c   Code   RO         4918    i.USBH_PipeDoPing   USB_CM3_L.lib(usbh_lib_core.o)
    0x08008f54   0x00000078   Code   RO         1324    i.USBH_PipeModify   usbh_fs_stm32f4xx.o
    0x08008fcc   0x00000042   Code   RO         4919    i.USBH_PipeModify   USB_CM3_L.lib(usbh_lib_core.o)
    0x0800900e   0x00000002   PAD
    0x08009010   0x000002e0   Code   RO         4920    i.USBH_PipeReceive  USB_CM3_L.lib(usbh_lib_core.o)
    0x080092f0   0x00000044   Code   RO         1325    i.USBH_PipeReset    usbh_fs_stm32f4xx.o
    0x08009334   0x0000001c   Code   RO         4922    i.USBH_PipeReset    USB_CM3_L.lib(usbh_lib_core.o)
    0x08009350   0x000002f4   Code   RO         4923    i.USBH_PipeSend     USB_CM3_L.lib(usbh_lib_core.o)
    0x08009644   0x00000168   Code   RO         4925    i.USBH_PipeSendSetup  USB_CM3_L.lib(usbh_lib_core.o)
    0x080097ac   0x00000098   Code   RO         1326    i.USBH_PipeTransfer  usbh_fs_stm32f4xx.o
    0x08009844   0x00000048   Code   RO         1327    i.USBH_PipeTransferAbort  usbh_fs_stm32f4xx.o
    0x0800988c   0x00000020   Code   RO         1328    i.USBH_PipeTransferGetResult  usbh_fs_stm32f4xx.o
    0x080098ac   0x00000068   Code   RO         1329    i.USBH_PortGetState  usbh_fs_stm32f4xx.o
    0x08009914   0x00000064   Code   RO         1330    i.USBH_PortReset    usbh_fs_stm32f4xx.o
    0x08009978   0x00000030   Code   RO         1331    i.USBH_PortResume   usbh_fs_stm32f4xx.o
    0x080099a8   0x00000030   Code   RO         1332    i.USBH_PortSuspend  usbh_fs_stm32f4xx.o
    0x080099d8   0x00000050   Code   RO         1333    i.USBH_PortVbusOnOff  usbh_fs_stm32f4xx.o
    0x08009a28   0x00000002   Code   RO         4926    i.USBH_Port_Notify  USB_CM3_L.lib(usbh_lib_core.o)
    0x08009a2a   0x00000002   PAD
    0x08009a2c   0x00000248   Code   RO         1334    i.USBH_PowerControl  usbh_fs_stm32f4xx.o
    0x08009c74   0x000000a4   Code   RO         4929    i.USBH_PrepareEnumerateDevice  USB_CM3_L.lib(usbh_lib_core.o)
    0x08009d18   0x0000006c   Code   RO         4930    i.USBH_RecoverDevice  USB_CM3_L.lib(usbh_lib_core.o)
    0x08009d84   0x000001dc   Code   RO         4931    i.USBH_RecoveryEnumerateDevice  USB_CM3_L.lib(usbh_lib_core.o)
    0x08009f60   0x0000001c   Code   RO         4932    i.USBH_SignalPipeEvent  USB_CM3_L.lib(usbh_lib_core.o)
    0x08009f7c   0x00000060   Code   RO         4933    i.USBH_SignalPortEvent  USB_CM3_L.lib(usbh_lib_core.o)
    0x08009fdc   0x0000001c   Code   RO         1335    i.USBH_Uninitialize  usbh_fs_stm32f4xx.o
    0x08009ff8   0x00000114   Code   RO         4935    i.USBH_UninitializeDevices  USB_CM3_L.lib(usbh_lib_core.o)
    0x0800a10c   0x00000004   Code   RO          848    i.UsageFault_Handler  stm32f4xx_it.o
    0x0800a110   0x0000001c   Code   RO         1336    i.__NVIC_DisableIRQ  usbh_fs_stm32f4xx.o
    0x0800a12c   0x0000001a   Code   RO         1337    i.__NVIC_EnableIRQ  usbh_fs_stm32f4xx.o
    0x0800a146   0x00000002   PAD
    0x0800a148   0x00000010   Code   RO         1700    i.__NVIC_GetPriorityGrouping  stm32f4xx_hal_cortex.o
    0x0800a158   0x00000028   Code   RO         1701    i.__NVIC_SetPriority  stm32f4xx_hal_cortex.o
    0x0800a180   0x00000074   Code   RO         4828    i.__sys_close       FS_LFN_CM3_L.lib(fs_sys.o)
    0x0800a1f4   0x00000068   Code   RO         4830    i.__sys_flen        FS_LFN_CM3_L.lib(fs_sys.o)
    0x0800a25c   0x00000094   Code   RO         4831    i.__sys_open        FS_LFN_CM3_L.lib(fs_sys.o)
    0x0800a2f0   0x0000008c   Code   RO         4832    i.__sys_read        FS_LFN_CM3_L.lib(fs_sys.o)
    0x0800a37c   0x00000074   Code   RO         4833    i.__sys_seek        FS_LFN_CM3_L.lib(fs_sys.o)
    0x0800a3f0   0x0000007c   Code   RO         4834    i.__sys_write       FS_LFN_CM3_L.lib(fs_sys.o)
    0x0800a46c   0x0000002c   Code   RO          975    i.__user_perthread_libspace  rtx_conf_cm.o
    0x0800a498   0x00000046   Code   RO         5392    i._init_box         RTX_CM4.lib(rt_membox.o)
    0x0800a4de   0x00000002   PAD
    0x0800a4e0   0x00000020   Code   RO          976    i._mutex_acquire    rtx_conf_cm.o
    0x0800a500   0x0000002c   Code   RO          977    i._mutex_initialize  rtx_conf_cm.o
    0x0800a52c   0x0000001c   Code   RO          978    i._mutex_release    rtx_conf_cm.o
    0x0800a548   0x0000002a   Code   RO         1460    i._sys_close        retarget_io.o
    0x0800a572   0x0000002a   Code   RO         1461    i._sys_flen         retarget_io.o
    0x0800a59c   0x00000024   Code   RO         1462    i._sys_istty        retarget_io.o
    0x0800a5c0   0x0000006c   Code   RO         1463    i._sys_open         retarget_io.o
    0x0800a62c   0x0000003e   Code   RO         1464    i._sys_read         retarget_io.o
    0x0800a66a   0x00000034   Code   RO         1465    i._sys_seek         retarget_io.o
    0x0800a69e   0x0000003a   Code   RO         1466    i._sys_write        retarget_io.o
    0x0800a6d8   0x0000006a   Code   RO         5535    i.alloc_clus        FS_LFN_CM3_L.lib(fs_fat.o)
    0x0800a742   0x0000009a   Code   RO         5536    i.alloc_table_read  FS_LFN_CM3_L.lib(fs_fat.o)
    0x0800a7dc   0x000000dc   Code   RO         5537    i.alloc_table_write  FS_LFN_CM3_L.lib(fs_fat.o)
    0x0800a8b8   0x000000b4   Code   RO         5538    i.bs_read           FS_LFN_CM3_L.lib(fs_fat.o)
    0x0800a96c   0x00000096   Code   RO         5540    i.cache_fat         FS_LFN_CM3_L.lib(fs_fat.o)
    0x0800aa02   0x00000060   Code   RO         5541    i.char_validate     FS_LFN_CM3_L.lib(fs_fat.o)
    0x0800aa62   0x00000044   Code   RO         5542    i.clear_clus        FS_LFN_CM3_L.lib(fs_fat.o)
    0x0800aaa6   0x00000024   Code   RO         5543    i.clus_to_sect      FS_LFN_CM3_L.lib(fs_fat.o)
    0x0800aaca   0x00000002   PAD
    0x0800aacc   0x000000d4   Code   RO         5544    i.create_dot_entries  FS_LFN_CM3_L.lib(fs_fat.o)
    0x0800aba0   0x000000e4   Code   RO         5545    i.create_lfn_entry  FS_LFN_CM3_L.lib(fs_fat.o)
    0x0800ac84   0x0000008a   Code   RO         5546    i.create_sfn_entry  FS_LFN_CM3_L.lib(fs_fat.o)
    0x0800ad0e   0x00000008   Code   RO          318    i.cs43l22_DeInit    cs43l22.o
    0x0800ad16   0x00000002   PAD
    0x0800ad18   0x00000104   Code   RO          319    i.cs43l22_Init      cs43l22.o
    0x0800ae1c   0x00000020   Code   RO          320    i.cs43l22_Pause     cs43l22.o
    0x0800ae3c   0x00000048   Code   RO          321    i.cs43l22_Play      cs43l22.o
    0x0800ae84   0x0000001a   Code   RO          322    i.cs43l22_ReadID    cs43l22.o
    0x0800ae9e   0x00000006   Code   RO          323    i.cs43l22_Reset     cs43l22.o
    0x0800aea4   0x00000048   Code   RO          324    i.cs43l22_Resume    cs43l22.o
    0x0800aeec   0x00000006   Code   RO          325    i.cs43l22_SetFrequency  cs43l22.o
    0x0800aef2   0x00000002   PAD
    0x0800aef4   0x00000060   Code   RO          326    i.cs43l22_SetMute   cs43l22.o
    0x0800af54   0x00000088   Code   RO          327    i.cs43l22_SetOutputMode  cs43l22.o
    0x0800afdc   0x0000006c   Code   RO          328    i.cs43l22_SetVolume  cs43l22.o
    0x0800b048   0x00000038   Code   RO          329    i.cs43l22_Stop      cs43l22.o
    0x0800b080   0x00000030   Code   RO         5445    i.dbg_init          RTX_CM4.lib(hal_cm.o)
    0x0800b0b0   0x00000020   Code   RO         5446    i.dbg_task_notify   RTX_CM4.lib(hal_cm.o)
    0x0800b0d0   0x00000010   Code   RO         5447    i.dbg_task_switch   RTX_CM4.lib(hal_cm.o)
    0x0800b0e0   0x00000004   Code   RO         3612    i.efs_close         fs_config.o
    0x0800b0e4   0x00000004   Code   RO         3615    i.efs_ffind         fs_config.o
    0x0800b0e8   0x00000006   Code   RO         3616    i.efs_flen          fs_config.o
    0x0800b0ee   0x00000006   Code   RO         3620    i.efs_handle_get    fs_config.o
    0x0800b0f4   0x00000004   Code   RO         3621    i.efs_init          fs_config.o
    0x0800b0f8   0x00000004   Code   RO         3622    i.efs_mount         fs_config.o
    0x0800b0fc   0x00000004   Code   RO         3623    i.efs_open          fs_config.o
    0x0800b100   0x00000004   Code   RO         3624    i.efs_read          fs_config.o
    0x0800b104   0x00000004   Code   RO         3626    i.efs_seek          fs_config.o
    0x0800b108   0x00000006   Code   RO         3629    i.efs_write         fs_config.o
    0x0800b10e   0x00000004   Code   RO         3630    i.elink_cmd         fs_config.o
    0x0800b112   0x00000004   Code   RO         3632    i.elink_flush       fs_config.o
    0x0800b116   0x00000004   Code   RO         3633    i.elink_init        fs_config.o
    0x0800b11a   0x00000004   Code   RO         3634    i.elink_init_path   fs_config.o
    0x0800b11e   0x00000004   Code   RO         3635    i.elink_insert      fs_config.o
    0x0800b122   0x00000004   Code   RO         3636    i.elink_scan        fs_config.o
    0x0800b126   0x00000038   Code   RO         5547    i.entry_flush       FS_LFN_CM3_L.lib(fs_fat.o)
    0x0800b15e   0x0000001c   Code   RO         5548    i.entry_pos_comp    FS_LFN_CM3_L.lib(fs_fat.o)
    0x0800b17a   0x00000060   Code   RO         5549    i.entry_pos_inc     FS_LFN_CM3_L.lib(fs_fat.o)
    0x0800b1da   0x00000044   Code   RO         5550    i.entry_read        FS_LFN_CM3_L.lib(fs_fat.o)
    0x0800b21e   0x0000002e   Code   RO         5551    i.entry_type        FS_LFN_CM3_L.lib(fs_fat.o)
    0x0800b24c   0x00000120   Code   RO         5554    i.fat_close         FS_LFN_CM3_L.lib(fs_fat.o)
    0x0800b36c   0x00000030   Code   RO         5555    i.fat_crc32         FS_LFN_CM3_L.lib(fs_fat.o)
    0x0800b39c   0x000000f0   Code   RO         5558    i.fat_ffind         FS_LFN_CM3_L.lib(fs_fat.o)
    0x0800b48c   0x00000020   Code   RO         5559    i.fat_flen          FS_LFN_CM3_L.lib(fs_fat.o)
    0x0800b4ac   0x00000040   Code   RO         5563    i.fat_handle_get    FS_LFN_CM3_L.lib(fs_fat.o)
    0x0800b4ec   0x00000048   Code   RO         5564    i.fat_init          FS_LFN_CM3_L.lib(fs_fat.o)
    0x0800b534   0x00000004   Code   RO         3637    i.fat_jour_init     fs_config.o
    0x0800b538   0x000001e0   Code   RO         5568    i.fat_mount         FS_LFN_CM3_L.lib(fs_fat.o)
    0x0800b718   0x000001c8   Code   RO         5569    i.fat_open          FS_LFN_CM3_L.lib(fs_fat.o)
    0x0800b8e0   0x00000110   Code   RO         5571    i.fat_read          FS_LFN_CM3_L.lib(fs_fat.o)
    0x0800b9f0   0x00000208   Code   RO         5576    i.fat_seek          FS_LFN_CM3_L.lib(fs_fat.o)
    0x0800bbf8   0x00000090   Code   RO         5579    i.fat_vol_chk       FS_LFN_CM3_L.lib(fs_fat.o)
    0x0800bc88   0x00000170   Code   RO         5580    i.fat_write         FS_LFN_CM3_L.lib(fs_fat.o)
    0x0800bdf8   0x000001bc   Code   RO         4782    i.ffind             FS_LFN_CM3_L.lib(fs_mapi.o)
    0x0800bfb4   0x00000048   Code   RO         5581    i.file_locked       FS_LFN_CM3_L.lib(fs_fat.o)
    0x0800bffc   0x00000064   Code   RO         4786    i.finit             FS_LFN_CM3_L.lib(fs_mapi.o)
    0x0800c060   0x00000058   Code   RO         4789    i.fmount            FS_LFN_CM3_L.lib(fs_mapi.o)
    0x0800c0b8   0x0000002c   Code   RO         5583    i.format_date       FS_LFN_CM3_L.lib(fs_fat.o)
    0x0800c0e4   0x0000002e   Code   RO         5584    i.format_time       FS_LFN_CM3_L.lib(fs_fat.o)
    0x0800c112   0x000000aa   Code   RO         5585    i.frec_allocate     FS_LFN_CM3_L.lib(fs_fat.o)
    0x0800c1bc   0x00000200   Code   RO         5588    i.frec_find         FS_LFN_CM3_L.lib(fs_fat.o)
    0x0800c3bc   0x0000005a   Code   RO         5589    i.frec_find_elink   FS_LFN_CM3_L.lib(fs_fat.o)
    0x0800c416   0x00000002   PAD
    0x0800c418   0x000001ac   Code   RO         5590    i.frec_next         FS_LFN_CM3_L.lib(fs_fat.o)
    0x0800c5c4   0x00000084   Code   RO         4793    i.fs_component_init  FS_LFN_CM3_L.lib(fs_mapi.o)
    0x0800c648   0x00000040   Code   RO         3640    i.fs_config         fs_config.o
    0x0800c688   0x00000090   Code   RO         5509    i.fs_drive_id       FS_LFN_CM3_L.lib(fs_common.o)
    0x0800c718   0x0000002c   Code   RO         5510    i.fs_find_drv       FS_LFN_CM3_L.lib(fs_common.o)
    0x0800c744   0x0000001a   Code   RO         5784    i.fs_get_time       FS_LFN_CM3_L.lib(fs_time.o)
    0x0800c75e   0x00000002   PAD
    0x0800c760   0x00000020   Code   RO         5512    i.fs_set_cdrive     FS_LFN_CM3_L.lib(fs_common.o)
    0x0800c780   0x00000018   Code   RO         5513    i.fs_strpos         FS_LFN_CM3_L.lib(fs_common.o)
    0x0800c798   0x0000007c   Code   RO         5591    i.fsinfo_read       FS_LFN_CM3_L.lib(fs_fat.o)
    0x0800c814   0x00000060   Code   RO         5592    i.fsinfo_write      FS_LFN_CM3_L.lib(fs_fat.o)
    0x0800c874   0x00000004   Code   RO         3643    i.fsj_write         fs_config.o
    0x0800c878   0x00000022   Code   RO         5593    i.get_EOC           FS_LFN_CM3_L.lib(fs_fat.o)
    0x0800c89a   0x00000032   Code   RO         5595    i.get_fat_sect      FS_LFN_CM3_L.lib(fs_fat.o)
    0x0800c8cc   0x00000010   Code   RO         5596    i.get_root_clus     FS_LFN_CM3_L.lib(fs_fat.o)
    0x0800c8dc   0x0000000a   Code   RO         5514    i.get_u16           FS_LFN_CM3_L.lib(fs_common.o)
    0x0800c8e6   0x00000016   Code   RO         5515    i.get_u32           FS_LFN_CM3_L.lib(fs_common.o)
    0x0800c8fc   0x0000002a   Code   RO         3998    i.isrMessageGet     RTX_CM4.lib(rt_cmsis.o)
    0x0800c926   0x0000002c   Code   RO         3999    i.isrMessagePut     RTX_CM4.lib(rt_cmsis.o)
    0x0800c952   0x00000028   Code   RO         4000    i.isrSemaphoreRelease  RTX_CM4.lib(rt_cmsis.o)
    0x0800c97a   0x00000024   Code   RO         4001    i.isrSignalSet      RTX_CM4.lib(rt_cmsis.o)
    0x0800c99e   0x00000002   PAD
    0x0800c9a0   0x00000028   Code   RO         5183    i.isr_evt_set       RTX_CM4.lib(rt_event.o)
    0x0800c9c8   0x00000056   Code   RO         5301    i.isr_mbx_receive   RTX_CM4.lib(rt_mailbox.o)
    0x0800ca1e   0x0000000e   Code   RO         5302    i.isr_mbx_send      RTX_CM4.lib(rt_mailbox.o)
    0x0800ca2c   0x00000010   Code   RO         5349    i.isr_sem_send      RTX_CM4.lib(rt_semaphore.o)
    0x0800ca3c   0x00000020   Code   RO         5606    i.lfn_char_cnt      FS_LFN_CM3_L.lib(fs_fat.o)
    0x0800ca5c   0x00000004   Code   RO         5607    i.link_clus         FS_LFN_CM3_L.lib(fs_fat.o)
    0x0800ca60   0x00000028   Code   RO         5608    i.long_ent_hash     FS_LFN_CM3_L.lib(fs_fat.o)
    0x0800ca88   0x0000001a   Code   RO          263    i.main              main.o
    0x0800caa2   0x000000b0   Code   RO         5610    i.name_analyse      FS_LFN_CM3_L.lib(fs_fat.o)
    0x0800cb52   0x000000b4   Code   RO         5611    i.name_basis_gen    FS_LFN_CM3_L.lib(fs_fat.o)
    0x0800cc06   0x00000008   Code   RO         5612    i.name_hash         FS_LFN_CM3_L.lib(fs_fat.o)
    0x0800cc0e   0x00000002   PAD
    0x0800cc10   0x00000128   Code   RO         5613    i.name_nt_gen       FS_LFN_CM3_L.lib(fs_fat.o)
    0x0800cd38   0x00000052   Code   RO         5614    i.name_strip        FS_LFN_CM3_L.lib(fs_fat.o)
    0x0800cd8a   0x00000002   PAD
    0x0800cd8c   0x00000018   Code   RO         4002    i.osDelay           RTX_CM4.lib(rt_cmsis.o)
    0x0800cda4   0x00000024   Code   RO         4003    i.osKernelInitialize  RTX_CM4.lib(rt_cmsis.o)
    0x0800cdc8   0x0000006c   Code   RO         4005    i.osKernelStart     RTX_CM4.lib(rt_cmsis.o)
    0x0800ce34   0x00000018   Code   RO         4006    i.osKernelSysTick   RTX_CM4.lib(rt_cmsis.o)
    0x0800ce4c   0x00000030   Code   RO         4013    i.osMessageCreate   RTX_CM4.lib(rt_cmsis.o)
    0x0800ce7c   0x00000018   Code   RO         4014    i.osMessageGet      RTX_CM4.lib(rt_cmsis.o)
    0x0800ce94   0x00000018   Code   RO         4015    i.osMessagePut      RTX_CM4.lib(rt_cmsis.o)
    0x0800ceac   0x00000030   Code   RO         4016    i.osMutexCreate     RTX_CM4.lib(rt_cmsis.o)
    0x0800cedc   0x00000018   Code   RO         4018    i.osMutexRelease    RTX_CM4.lib(rt_cmsis.o)
    0x0800cef4   0x00000018   Code   RO         4019    i.osMutexWait       RTX_CM4.lib(rt_cmsis.o)
    0x0800cf0c   0x00000030   Code   RO         4024    i.osSemaphoreCreate  RTX_CM4.lib(rt_cmsis.o)
    0x0800cf3c   0x00000018   Code   RO         4026    i.osSemaphoreRelease  RTX_CM4.lib(rt_cmsis.o)
    0x0800cf54   0x00000018   Code   RO         4027    i.osSemaphoreWait   RTX_CM4.lib(rt_cmsis.o)
    0x0800cf6c   0x00000018   Code   RO         4029    i.osSignalSet       RTX_CM4.lib(rt_cmsis.o)
    0x0800cf84   0x00000018   Code   RO         4030    i.osSignalWait      RTX_CM4.lib(rt_cmsis.o)
    0x0800cf9c   0x00000030   Code   RO         4031    i.osThreadCreate    RTX_CM4.lib(rt_cmsis.o)
    0x0800cfcc   0x00000018   Code   RO         4032    i.osThreadExit      RTX_CM4.lib(rt_cmsis.o)
    0x0800cfe4   0x00000018   Code   RO         4033    i.osThreadGetId     RTX_CM4.lib(rt_cmsis.o)
    0x0800cffc   0x00000018   Code   RO         4036    i.osThreadTerminate  RTX_CM4.lib(rt_cmsis.o)
    0x0800d014   0x0000000c   Code   RO         4038    i.osTimerCall       RTX_CM4.lib(rt_cmsis.o)
    0x0800d020   0x00000034   Code   RO         4039    i.osTimerCreate     RTX_CM4.lib(rt_cmsis.o)
    0x0800d054   0x00000018   Code   RO         4040    i.osTimerDelete     RTX_CM4.lib(rt_cmsis.o)
    0x0800d06c   0x00000018   Code   RO         4041    i.osTimerStart      RTX_CM4.lib(rt_cmsis.o)
    0x0800d084   0x0000002c   Code   RO         4043    i.osTimerThread     RTX_CM4.lib(rt_cmsis.o)
    0x0800d0b0   0x00000022   Code   RO          979    i.os_error          rtx_conf_cm.o
    0x0800d0d2   0x00000004   Code   RO          980    i.os_idle_demon     rtx_conf_cm.o
    0x0800d0d6   0x00000002   PAD
    0x0800d0d8   0x00000028   Code   RO         5093    i.os_tick_init      RTX_CM4.lib(rt_system.o)
    0x0800d100   0x00000002   Code   RO         5094    i.os_tick_irqack    RTX_CM4.lib(rt_system.o)
    0x0800d102   0x00000002   PAD
    0x0800d104   0x00000010   Code   RO         5095    i.os_tick_ovf       RTX_CM4.lib(rt_system.o)
    0x0800d114   0x00000014   Code   RO         5096    i.os_tick_val       RTX_CM4.lib(rt_system.o)
    0x0800d128   0x00000220   Code   RO         5615    i.path_create       FS_LFN_CM3_L.lib(fs_fat.o)
    0x0800d348   0x00000034   Code   RO         5616    i.path_init         FS_LFN_CM3_L.lib(fs_fat.o)
    0x0800d37c   0x000000a6   Code   RO         5617    i.path_open         FS_LFN_CM3_L.lib(fs_fat.o)
    0x0800d422   0x00000002   PAD
    0x0800d424   0x0000003c   Code   RO         5618    i.path_validate     FS_LFN_CM3_L.lib(fs_fat.o)
    0x0800d460   0x00000084   Code   RO           13    i.processEvent      thread.o
    0x0800d4e4   0x0000007a   Code   RO         5619    i.read_cache        FS_LFN_CM3_L.lib(fs_fat.o)
    0x0800d55e   0x00000052   Code   RO         5620    i.read_sector       FS_LFN_CM3_L.lib(fs_fat.o)
    0x0800d5b0   0x0000001a   Code   RO         5393    i.rt_alloc_box      RTX_CM4.lib(rt_membox.o)
    0x0800d5ca   0x0000003e   Code   RO         5421    i.rt_alloc_mem      RTX_CM4.lib(rt_memory.o)
    0x0800d608   0x00000038   Code   RO         4623    i.rt_block          RTX_CM4.lib(rt_task.o)
    0x0800d640   0x00000002   Code   RO          981    i.rt_chk_robin      rtx_conf_cm.o
    0x0800d642   0x00000002   PAD
    0x0800d644   0x00000070   Code   RO         5225    i.rt_dec_dly        RTX_CM4.lib(rt_list.o)
    0x0800d6b4   0x00000044   Code   RO         4624    i.rt_dispatch       RTX_CM4.lib(rt_task.o)
    0x0800d6f8   0x00000006   Code   RO         4707    i.rt_dly_wait       RTX_CM4.lib(rt_time.o)
    0x0800d6fe   0x00000002   PAD
    0x0800d700   0x00000050   Code   RO         5186    i.rt_evt_psh        RTX_CM4.lib(rt_event.o)
    0x0800d750   0x0000005c   Code   RO         5187    i.rt_evt_set        RTX_CM4.lib(rt_event.o)
    0x0800d7ac   0x0000003c   Code   RO         5188    i.rt_evt_wait       RTX_CM4.lib(rt_event.o)
    0x0800d7e8   0x0000002c   Code   RO         5394    i.rt_free_box       RTX_CM4.lib(rt_membox.o)
    0x0800d814   0x00000028   Code   RO         5422    i.rt_free_mem       RTX_CM4.lib(rt_memory.o)
    0x0800d83c   0x00000028   Code   RO         5226    i.rt_get_first      RTX_CM4.lib(rt_list.o)
    0x0800d864   0x00000008   Code   RO         4048    i.rt_id2obj         RTX_CM4.lib(rt_cmsis.o)
    0x0800d86c   0x00000048   Code   RO         4625    i.rt_init_context   RTX_CM4.lib(rt_task.o)
    0x0800d8b4   0x0000001a   Code   RO         5423    i.rt_init_mem       RTX_CM4.lib(rt_memory.o)
    0x0800d8ce   0x00000002   Code   RO          982    i.rt_init_robin     rtx_conf_cm.o
    0x0800d8d0   0x00000080   Code   RO         5448    i.rt_init_stack     RTX_CM4.lib(hal_cm.o)
    0x0800d950   0x00000008   Code   RO         5303    i.rt_mbx_check      RTX_CM4.lib(rt_mailbox.o)
    0x0800d958   0x0000001a   Code   RO         5304    i.rt_mbx_init       RTX_CM4.lib(rt_mailbox.o)
    0x0800d972   0x00000002   PAD
    0x0800d974   0x000000f0   Code   RO         5305    i.rt_mbx_psh        RTX_CM4.lib(rt_mailbox.o)
    0x0800da64   0x00000098   Code   RO         5306    i.rt_mbx_send       RTX_CM4.lib(rt_mailbox.o)
    0x0800dafc   0x000000b4   Code   RO         5307    i.rt_mbx_wait       RTX_CM4.lib(rt_mailbox.o)
    0x0800dbb0   0x00000044   Code   RO         4049    i.rt_ms2tick        RTX_CM4.lib(rt_cmsis.o)
    0x0800dbf4   0x00000010   Code   RO         4741    i.rt_mut_init       RTX_CM4.lib(rt_mutex.o)
    0x0800dc04   0x000000d8   Code   RO         4742    i.rt_mut_release    RTX_CM4.lib(rt_mutex.o)
    0x0800dcdc   0x00000068   Code   RO         4743    i.rt_mut_wait       RTX_CM4.lib(rt_mutex.o)
    0x0800dd44   0x0000007c   Code   RO         5097    i.rt_pop_req        RTX_CM4.lib(rt_system.o)
    0x0800ddc0   0x00000020   Code   RO         5098    i.rt_psh_req        RTX_CM4.lib(rt_system.o)
    0x0800dde0   0x0000005c   Code   RO         5228    i.rt_psq_enq        RTX_CM4.lib(rt_list.o)
    0x0800de3c   0x00000048   Code   RO         5229    i.rt_put_dly        RTX_CM4.lib(rt_list.o)
    0x0800de84   0x00000036   Code   RO         5230    i.rt_put_prio       RTX_CM4.lib(rt_list.o)
    0x0800deba   0x00000002   PAD
    0x0800debc   0x00000014   Code   RO         5231    i.rt_put_rdy_first  RTX_CM4.lib(rt_list.o)
    0x0800ded0   0x00000034   Code   RO         5232    i.rt_resort_prio    RTX_CM4.lib(rt_list.o)
    0x0800df04   0x00000010   Code   RO         5449    i.rt_ret_regs       RTX_CM4.lib(hal_cm.o)
    0x0800df14   0x0000000c   Code   RO         5450    i.rt_ret_val        RTX_CM4.lib(hal_cm.o)
    0x0800df20   0x00000010   Code   RO         5451    i.rt_ret_val2       RTX_CM4.lib(hal_cm.o)
    0x0800df30   0x00000028   Code   RO         5233    i.rt_rmv_dly        RTX_CM4.lib(rt_list.o)
    0x0800df58   0x00000030   Code   RO         5234    i.rt_rmv_list       RTX_CM4.lib(rt_list.o)
    0x0800df88   0x0000000c   Code   RO         5351    i.rt_sem_init       RTX_CM4.lib(rt_semaphore.o)
    0x0800df94   0x00000034   Code   RO         5352    i.rt_sem_psh        RTX_CM4.lib(rt_semaphore.o)
    0x0800dfc8   0x0000002a   Code   RO         5353    i.rt_sem_send       RTX_CM4.lib(rt_semaphore.o)
    0x0800dff2   0x00000002   PAD
    0x0800dff4   0x00000040   Code   RO         5354    i.rt_sem_wait       RTX_CM4.lib(rt_semaphore.o)
    0x0800e034   0x00000024   Code   RO         5100    i.rt_stk_check      RTX_CM4.lib(rt_system.o)
    0x0800e058   0x00000028   Code   RO         4626    i.rt_switch_req     RTX_CM4.lib(rt_task.o)
    0x0800e080   0x000000cc   Code   RO         4627    i.rt_sys_init       RTX_CM4.lib(rt_task.o)
    0x0800e14c   0x00000078   Code   RO         4628    i.rt_sys_start      RTX_CM4.lib(rt_task.o)
    0x0800e1c4   0x00000040   Code   RO         5102    i.rt_systick        RTX_CM4.lib(rt_system.o)
    0x0800e204   0x00000012   Code   RO         4050    i.rt_tid2ptcb       RTX_CM4.lib(rt_cmsis.o)
    0x0800e216   0x00000002   PAD
    0x0800e218   0x00000034   Code   RO         4051    i.rt_timer_insert   RTX_CM4.lib(rt_cmsis.o)
    0x0800e24c   0x0000003c   Code   RO         4052    i.rt_timer_remove   RTX_CM4.lib(rt_cmsis.o)
    0x0800e288   0x00000088   Code   RO         4629    i.rt_tsk_create     RTX_CM4.lib(rt_task.o)
    0x0800e310   0x0000017c   Code   RO         4630    i.rt_tsk_delete     RTX_CM4.lib(rt_task.o)
    0x0800e48c   0x0000007c   Code   RO         4632    i.rt_tsk_prio       RTX_CM4.lib(rt_task.o)
    0x0800e508   0x00000010   Code   RO         4633    i.rt_tsk_self       RTX_CM4.lib(rt_task.o)
    0x0800e518   0x00000008   Code   RO         5516    i.set_u16           FS_LFN_CM3_L.lib(fs_common.o)
    0x0800e520   0x00000010   Code   RO         5517    i.set_u32           FS_LFN_CM3_L.lib(fs_common.o)
    0x0800e530   0x00000048   Code   RO         5621    i.sfn_extract       FS_LFN_CM3_L.lib(fs_fat.o)
    0x0800e578   0x0000001a   Code   RO         5622    i.short_ent_hash    FS_LFN_CM3_L.lib(fs_fat.o)
    0x0800e592   0x0000001e   Code   RO         5623    i.sn_chksum         FS_LFN_CM3_L.lib(fs_fat.o)
    0x0800e5b0   0x00000012   Code   RO         4053    i.svcDelay          RTX_CM4.lib(rt_cmsis.o)
    0x0800e5c2   0x00000002   PAD
    0x0800e5c4   0x00000070   Code   RO         4054    i.svcKernelInitialize  RTX_CM4.lib(rt_cmsis.o)
    0x0800e634   0x00000048   Code   RO         4056    i.svcKernelStart    RTX_CM4.lib(rt_cmsis.o)
    0x0800e67c   0x00000038   Code   RO         4057    i.svcKernelSysTick  RTX_CM4.lib(rt_cmsis.o)
    0x0800e6b4   0x00000024   Code   RO         4059    i.svcMessageCreate  RTX_CM4.lib(rt_cmsis.o)
    0x0800e6d8   0x0000003a   Code   RO         4060    i.svcMessageGet     RTX_CM4.lib(rt_cmsis.o)
    0x0800e712   0x00000036   Code   RO         4061    i.svcMessagePut     RTX_CM4.lib(rt_cmsis.o)
    0x0800e748   0x0000001c   Code   RO         4062    i.svcMutexCreate    RTX_CM4.lib(rt_cmsis.o)
    0x0800e764   0x00000022   Code   RO         4064    i.svcMutexRelease   RTX_CM4.lib(rt_cmsis.o)
    0x0800e786   0x00000036   Code   RO         4065    i.svcMutexWait      RTX_CM4.lib(rt_cmsis.o)
    0x0800e7bc   0x00000024   Code   RO         4067    i.svcSemaphoreCreate  RTX_CM4.lib(rt_cmsis.o)
    0x0800e7e0   0x00000028   Code   RO         4069    i.svcSemaphoreRelease  RTX_CM4.lib(rt_cmsis.o)
    0x0800e808   0x00000032   Code   RO         4070    i.svcSemaphoreWait  RTX_CM4.lib(rt_cmsis.o)
    0x0800e83a   0x00000024   Code   RO         4072    i.svcSignalSet      RTX_CM4.lib(rt_cmsis.o)
    0x0800e85e   0x00000002   PAD
    0x0800e860   0x00000054   Code   RO         4073    i.svcSignalWait     RTX_CM4.lib(rt_cmsis.o)
    0x0800e8b4   0x00000070   Code   RO         4074    i.svcThreadCreate   RTX_CM4.lib(rt_cmsis.o)
    0x0800e924   0x0000001c   Code   RO         4075    i.svcThreadGetId    RTX_CM4.lib(rt_cmsis.o)
    0x0800e940   0x00000038   Code   RO         4078    i.svcThreadTerminate  RTX_CM4.lib(rt_cmsis.o)
    0x0800e978   0x00000018   Code   RO         4080    i.svcTimerCall      RTX_CM4.lib(rt_cmsis.o)
    0x0800e990   0x00000038   Code   RO         4081    i.svcTimerCreate    RTX_CM4.lib(rt_cmsis.o)
    0x0800e9c8   0x00000028   Code   RO         4082    i.svcTimerDelete    RTX_CM4.lib(rt_cmsis.o)
    0x0800e9f0   0x00000064   Code   RO         4083    i.svcTimerStart     RTX_CM4.lib(rt_cmsis.o)
    0x0800ea54   0x0000005c   Code   RO         4089    i.sysTimerTick      RTX_CM4.lib(rt_cmsis.o)
    0x0800eab0   0x00000060   Code   RO         5625    i.unlink_clus       FS_LFN_CM3_L.lib(fs_fat.o)
    0x0800eb10   0x0000000a   Code   RO         3644    i.usb0_DevCtrl      fs_config.o
    0x0800eb1a   0x00000008   Code   RO         3645    i.usb0_Init         fs_config.o
    0x0800eb22   0x00000008   Code   RO         3646    i.usb0_RdInfo       fs_config.o
    0x0800eb2a   0x0000000a   Code   RO         3647    i.usb0_RdSect       fs_config.o
    0x0800eb34   0x00000008   Code   RO         3648    i.usb0_UnInit       fs_config.o
    0x0800eb3c   0x0000000a   Code   RO         3649    i.usb0_WrSect       fs_config.o
    0x0800eb46   0x000000ae   Code   RO         5626    i.write_cache       FS_LFN_CM3_L.lib(fs_fat.o)
    0x0800ebf4   0x00000030   Code   RO         5627    i.write_sector      FS_LFN_CM3_L.lib(fs_fat.o)
    0x0800ec24   0x0000002c   Code   RO         6211    locale$$code        c_w.l(lc_ctype_c.o)
    0x0800ec50   0x0000000a   Code   RO         6254    x$fpl$fpinit        fz_wm.l(fpinit.o)
    0x0800ec5a   0x00000002   PAD
    0x0800ec5c   0x0000004c   Data   RO           15    .constdata          thread.o
    0x0800eca8   0x00000060   Data   RO          601    .constdata          stm32f4_discovery_audio.o
    0x0800ed08   0x00000010   Data   RO          791    .constdata          uart_driver.o
    0x0800ed18   0x00000020   Data   RO          927    .constdata          led_f4discovery.o
    0x0800ed38   0x00000068   Data   RO          984    .constdata          rtx_conf_cm.o
    0x0800eda0   0x00000080   Data   RO         1150    .constdata          usart_stm32f4xx.o
    0x0800ee20   0x00000050   Data   RO         1339    .constdata          usbh_fs_stm32f4xx.o
    0x0800ee70   0x00000017   Data   RO         1467    .constdata          retarget_io.o
    0x0800ee87   0x00000008   Data   RO         1827    .constdata          stm32f4xx_hal_dma.o
    0x0800ee8f   0x00000010   Data   RO         2916    .constdata          stm32f4xx_hal_rcc.o
    0x0800ee9f   0x00000001   PAD
    0x0800eea0   0x00000028   Data   RO         3651    .constdata          fs_config.o
    0x0800eec8   0x00000084   Data   RO         3889    .constdata          usbh_config_0.o
    0x0800ef4c   0x000004ac   Data   RO         5628    .constdata          FS_LFN_CM3_L.lib(fs_fat.o)
    0x0800f3f8   0x00000020   Data   RO         6301    Region$$Table       anon$$obj.o
    0x0800f418   0x00000110   Data   RO         6210    locale$$data        c_w.l(lc_ctype_c.o)


    Execution Region RW_IRAM1 (Base: 0x20000000, Size: 0x0001d4b8, Max: 0x00020000, ABSOLUTE, COMPRESSED[0x00000064])

    Base Addr    Size         Type   Attr      Idx    E Section Name        Object

    0x20000000   0x00000032   Data   RW           16    .data               thread.o
    0x20000032   0x00000002   PAD
    0x20000034   0x00000032   Data   RW          330    .data               cs43l22.o
    0x20000066   0x00000002   PAD
    0x20000068   0x0000001c   Data   RW          435    .data               stm32f4_discovery.o
    0x20000084   0x00000006   Data   RW          602    .data               stm32f4_discovery_audio.o
    0x2000008a   0x00000002   PAD
    0x2000008c   0x00000030   Data   RW          792    .data               uart_driver.o
    0x200000bc   0x00000014   Data   RW          985    .data               rtx_conf_cm.o
    0x200000d0   0x00000001   Data   RW         1053    .data               otg_fs_stm32f4xx.o
    0x200000d1   0x00000003   PAD
    0x200000d4   0x0000002b   Data   RW         1340    .data               usbh_fs_stm32f4xx.o
    0x200000ff   0x00000001   PAD
    0x20000100   0x00000004   Data   RW         3578    .data               system_stm32f4xx.o
    0x20000104   0x00000030   Data   RW         3890    .data               usbh_config_0.o
    0x20000134   0x00000008   Data   RW         4092    .data               RTX_CM4.lib(rt_cmsis.o)
    0x2000013c   0x00000008   Data   RW         4635    .data               RTX_CM4.lib(rt_task.o)
    0x20000144   0x00000004   Data   RW         4711    .data               RTX_CM4.lib(rt_time.o)
    0x20000148   0x00000001   Data   RW         4797    .data               FS_LFN_CM3_L.lib(fs_mapi.o)
    0x20000149   0x00000003   PAD
    0x2000014c   0x00000008   Data   RW         5105    .data               RTX_CM4.lib(rt_system.o)
    0x20000154   0x00000001   Data   RW         5452    .data               RTX_CM4.lib(hal_cm.o)
    0x20000155   0x00000001   Data   RW         5518    .data               FS_LFN_CM3_L.lib(fs_common.o)
    0x20000156   0x00000002   PAD
    0x20000158   0x00000004   Data   RW         5978    .data               c_w.l(streamlock.o)
    0x2000015c   0x00000004   Data   RW         5982    .data               c_w.l(stdio_streams.o)
    0x20000160   0x00000004   Data   RW         5983    .data               c_w.l(stdio_streams.o)
    0x20000164   0x00000004   Data   RW         5984    .data               c_w.l(stdio_streams.o)
    0x20000168   0x0000206e   Zero   RW           14    .bss                thread.o
    0x200021d6   0x00000002   PAD
    0x200021d8   0x000000ac   Zero   RW          433    .bss                stm32f4_discovery.o
    0x20002284   0x0000017c   Zero   RW          600    .bss                stm32f4_discovery_audio.o
    0x20002400   0x00006550   Zero   RW          983    .bss                rtx_conf_cm.o
    0x20008950   0x00000038   Zero   RW         1149    .bss                usart_stm32f4xx.o
    0x20008988   0x00000100   Zero   RW         1338    .bss                usbh_fs_stm32f4xx.o
    0x20008a88   0x00001540   Zero   RW         3650    .bss                fs_config.o
    0x20009fc8   0x00000330   Zero   RW         3888    .bss                usbh_config_0.o
    0x2000a2f8   0x00000034   Zero   RW         4634    .bss                RTX_CM4.lib(rt_task.o)
    0x2000a32c   0x00000030   Zero   RW         5235    .bss                RTX_CM4.lib(rt_list.o)
    0x2000a35c   0x00000060   Zero   RW         5795    .bss                c_w.l(libspace.o)
    0x2000a3bc   0x00000054   Zero   RW         5979    .bss                c_w.l(stdio_streams.o)
    0x2000a410   0x00000054   Zero   RW         5980    .bss                c_w.l(stdio_streams.o)
    0x2000a464   0x00000054   Zero   RW         5981    .bss                c_w.l(stdio_streams.o)
    0x2000a4b8   0x0000b000   Zero   RW         3566    HEAP                startup_stm32f407xx.o
    0x200154b8   0x00008000   Zero   RW         3565    STACK               startup_stm32f407xx.o


==============================================================================

Image component sizes


      Code (inc. data)   RO Data    RW Data    ZI Data      Debug   Object Name

       906         26          0         50          0       9237   cs43l22.o
       196         14         40          0       5440      25609   fs_config.o
       108         12         32          0          0       2242   led_f4discovery.o
       234         20          0          0          0       2895   main.o
       774         86          0          1          0      45714   otg_fs_stm32f4xx.o
       400         24         23          0          0       6314   retarget_io.o
       218         48        104         20      25936      12154   rtx_conf_cm.o
        64         26        392          0      77824        908   startup_stm32f407xx.o
       526         52          0         28        172       6767   stm32f4_discovery.o
       998        132         96          6        380      10377   stm32f4_discovery_audio.o
       140         14          0          0          0       4235   stm32f4xx_hal.o
       340         28          0          0          0      33093   stm32f4xx_hal_cortex.o
      1524         20          8          0          0       7528   stm32f4xx_hal_dma.o
       954         98          0          0          0       5497   stm32f4xx_hal_gpio.o
      2538         42          0          0          0      14508   stm32f4xx_hal_i2c.o
       278         12          0          0          0       3995   stm32f4xx_hal_i2s.o
      1376         66          0          0          0       5600   stm32f4xx_hal_i2s_ex.o
      1624         62         16          0          0       5376   stm32f4xx_hal_rcc.o
       512         24          0          0          0       2187   stm32f4xx_hal_rcc_ex.o
        72          8          0          0          0       5019   stm32f4xx_it.o
       100         18          0          4          0       1369   system_stm32f4xx.o
      1342        192         76         50       8302     330945   thread.o
       488         90         16         48          0       5037   uart_driver.o
      5518        224        128          0         56      55701   usart_stm32f4xx.o
       108          0        132         48        816      23065   usbh_config_0.o
      3636        268         80         43        256      48510   usbh_fs_stm32f4xx.o

    ----------------------------------------------------------------------
     25004       1606       1176        308     119184     673882   Object Totals
         0          0         32          0          0          0   (incl. Generated)
        30          0          1         10          2          0   (incl. Padding)

    ----------------------------------------------------------------------

      Code (inc. data)   RO Data    RW Data    ZI Data      Debug   Library Member Name

       300         32          0          1          0        572   fs_common.o
      8838        150       1196          0          0       4904   fs_fat.o
       764         50          0          1          0        336   fs_mapi.o
       748         58          0          0          0        500   fs_sys.o
        26          0          0          0          0         68   fs_time.o
       268         24          0          1          0       4452   hal_cm.o
       408         34          0          0          0        816   hal_cm4.o
      2448        280          0          8          0      57145   rt_cmsis.o
       272         18          0          0          0       2810   rt_event.o
       530         34          0          0         48       8597   rt_list.o
       706         14          0          0          0       5067   rt_mailbox.o
       140          0          0          0          0       2045   rt_membox.o
       128          0          0          0          0       2419   rt_memory.o
       336         12          0          0          0       2201   rt_mutex.o
       186         10          0          0          0       3102   rt_semaphore.o
       334         64          0          8          0       7387   rt_system.o
      1216        174          0          8         52      10025   rt_task.o
         6          0          0          4          0        684   rt_time.o
         4          4          0          0          0        200   svc_table.o
      8872        480          0          0          0       4404   usbh_lib_core.o
       248         32          0          0          0        368   usbh_lib_mem.o
      3508        152          0          0          0       1940   usbh_lib_msc.o
        90          0          0          0          0          0   __dczerorl2.o
         8          0          0          0          0         68   __main.o
         0          0          0          0          0          0   __rtentry.o
        20          0          0          0          0          0   __rtentry2.o
         6          0          0          0          0          0   __rtentry4.o
        52          8          0          0          0          0   __scatter.o
        28          0          0          0          0          0   __scatter_zi.o
        10          0          0          0          0         68   defsig_exit.o
        50          0          0          0          0         88   defsig_general.o
        80         58          0          0          0         76   defsig_rtmem_inner.o
        14          0          0          0          0         80   defsig_rtmem_outer.o
        52         38          0          0          0         76   defsig_rtred_inner.o
        14          0          0          0          0         80   defsig_rtred_outer.o
        18          0          0          0          0         80   exit.o
        76          0          0          0          0         88   fclose.o
        52          6          0          0          0         80   fclose_locked.o
       144         10          0          0          0        128   fflush_locked.o
       570          0          0          0          0        132   filbuf.o
        92          8          0          0          0         88   flushlinebuffered_locked.o
       324          8          0          0          0        152   fopen_locked.o
       306          0          0          0          0         96   freadfast_locked.o
       248          6          0          0          0         84   fseek.o
        66          0          0          0          0         76   ftell.o
       158          0          0          0          0        128   h1_alloc_mt.o
        62          0          0          0          0         80   h1_extend_mt.o
       118          0          0          0          0        108   h1_free_mt.o
        18          0          0          0          0         84   h1_init_mt.o
         6          0          0          0          0        152   heapauxi.o
         4          0          0          0          0        136   hguard.o
         0          0          0          0          0          0   indicate_semi.o
       138          0          0          0          0        168   init_alloc.o
       456         48          0          0          0        116   initio_locked.o
        44         10        272          0          0         76   lc_ctype_c.o
         2          0          0          0          0          0   libinit.o
        36          0          0          0          0          0   libinit2.o
         2          0          0          0          0          0   libshutdown.o
         6          0          0          0          0          0   libshutdown2.o
         8          4          0          0         96         68   libspace.o
       238          0          0          0          0        100   lludivv7m.o
         0          0          0          0          0          0   maybetermalloc1.o
        16          4          0          0          0         76   rt_ctype_table.o
         4          0          0          0          0         68   rt_errno_addr_twolibspace.o
        10          0          0          0          0         76   rt_heap_descriptor_twolibspace.o
        10          0          0          0          0         76   rt_locale_twolibspace.o
        68          0          0          0          0         68   rt_memclr.o
        78          0          0          0          0         80   rt_memclr_w.o
       138          0          0          0          0         68   rt_memcpy_v6.o
       100          0          0          0          0         80   rt_memcpy_w.o
         2          0          0          0          0          0   rtexit.o
        10          0          0          0          0          0   rtexit2.o
       104          0          0          0          0         88   setvbuf_locked.o
       240          6          0          0          0        156   stdio.o
         0          0          0         12        252          0   stdio_streams.o
       128          0          0          0          0         68   strcmpv7m.o
         0          0          0          4          0          0   streamlock.o
        62          0          0          0          0         76   strlen.o
        50          0          0          0          0         84   strncasecmp.o
        12          4          0          0          0         68   sys_exit.o
        74          0          0          0          0         80   sys_stackheap_outer.o
        14          0          0          0          0         76   sys_wrch.o
        26          0          0          0          0         76   tolower.o
         2          0          0          0          0         68   use_no_semi.o
        10          0          0          0          0        116   fpinit.o

    ----------------------------------------------------------------------
     35112       1840       1468         52        448     124346   Library Totals
        52          0          0          5          0          0   (incl. Padding)

    ----------------------------------------------------------------------

      Code (inc. data)   RO Data    RW Data    ZI Data      Debug   Library Name

     10676        290       1196          2          0       6380   FS_LFN_CM3_L.lib
      6982        668          0         29        100     106950   RTX_CM4.lib
     12628        664          0          0          0       6712   USB_CM3_L.lib
      4764        218        272         16        348       4188   c_w.l
        10          0          0          0          0        116   fz_wm.l

    ----------------------------------------------------------------------
     35112       1840       1468         52        448     124346   Library Totals

    ----------------------------------------------------------------------

==============================================================================


      Code (inc. data)   RO Data    RW Data    ZI Data      Debug   

     60116       3446       2644        360     119632     753232   Grand Totals
     60116       3446       2644        100     119632     753232   ELF Image Totals (compressed)
     60116       3446       2644        100          0          0   ROM Totals

==============================================================================

    Total RO  Size (Code + RO Data)                62760 (  61.29kB)
    Total RW  Size (RW Data + ZI Data)            119992 ( 117.18kB)
    Total ROM Size (Code + RO Data + RW Data)      62860 (  61.39kB)

==============================================================================

